Archive member included because of file (symbol)

/usr/local/codesourcery/arm-none-eabi/arm-2008q1/bin/../lib/gcc/arm-none-eabi/4.2.3/libgcc.a(_udivsi3.o)
                              obj/sdram_at45.o (__aeabi_uidiv)
/usr/local/codesourcery/arm-none-eabi/arm-2008q1/bin/../lib/gcc/arm-none-eabi/4.2.3/libgcc.a(_dvmd_tls.o)
                              /usr/local/codesourcery/arm-none-eabi/arm-2008q1/bin/../lib/gcc/arm-none-eabi/4.2.3/libgcc.a(_udivsi3.o) (__aeabi_idiv0)
/usr/local/codesourcery/arm-none-eabi/arm-2008q1/bin/../lib/gcc/arm-none-eabi/4.2.3/../../../../arm-none-eabi/lib/libc.a(lib_a-memcpy.o)
                              obj/sdram_main.o (memcpy)
/usr/local/codesourcery/arm-none-eabi/arm-2008q1/bin/../lib/gcc/arm-none-eabi/4.2.3/../../../../arm-none-eabi/lib/libc.a(lib_a-memset.o)
                              obj/sdram_main.o (memset)

Discarded input sections

 .data          0x00000000        0x0 obj/sdram_isp_cstartup.o
 .bss           0x00000000        0x0 obj/sdram_isp_cstartup.o
 .text          0x00000000        0x0 obj/sdram_main.o
 .data          0x00000000        0x0 obj/sdram_main.o
 .text          0x00000000        0x0 obj/sdram_spid.o
 .data          0x00000000        0x0 obj/sdram_spid.o
 .bss           0x00000000        0x0 obj/sdram_spid.o
 .text          0x00000000        0x0 obj/sdram_at45.o
 .data          0x00000000        0x0 obj/sdram_at45.o
 .text          0x00000000        0x0 obj/sdram_at45d.o
 .data          0x00000000        0x0 obj/sdram_at45d.o
 .bss           0x00000000        0x0 obj/sdram_at45d.o
 .text          0x00000000        0x0 obj/sdram_math.o
 .data          0x00000000        0x0 obj/sdram_math.o
 .bss           0x00000000        0x0 obj/sdram_math.o
 .text.absv     0x00000000        0x0 obj/sdram_math.o
 .text.power    0x00000000        0x0 obj/sdram_math.o
 .text          0x00000000        0x0 obj/sdram_stdio.o
 .bss           0x00000000        0x0 obj/sdram_stdio.o
 .text.puts     0x00000000        0x0 obj/sdram_stdio.o
 .text.sprintf  0x00000000        0x0 obj/sdram_stdio.o
 .text.fprintf  0x00000000        0x0 obj/sdram_stdio.o
 .text.snprintf
                0x00000000        0x0 obj/sdram_stdio.o
 .text          0x00000000        0x0 obj/sdram_trace.o
 .bss           0x00000000        0x0 obj/sdram_trace.o
 .text.putchar  0x00000000        0x0 obj/sdram_trace.o
 .text.TRACE_GetHexa32
                0x00000000        0x0 obj/sdram_trace.o
 .text.TRACE_GetInteger
                0x00000000        0x0 obj/sdram_trace.o
 .text.TRACE_GetIntegerMinMax
                0x00000000        0x0 obj/sdram_trace.o
 .text.TRACE_DumpFrame
                0x00000000        0x0 obj/sdram_trace.o
 .text.PrintChar
                0x00000000        0x0 obj/sdram_trace.o
 .text.TRACE_DumpMemory
                0x00000000        0x0 obj/sdram_trace.o
 .rodata.str1.1
                0x00000000        0x0 obj/sdram_trace.o
 .text          0x00000000        0x0 obj/sdram_dbgu.o
 .data          0x00000000        0x0 obj/sdram_dbgu.o
 .bss           0x00000000        0x0 obj/sdram_dbgu.o
 .text.DBGU_IsRxReady
                0x00000000        0x0 obj/sdram_dbgu.o
 .text.DBGU_GetChar
                0x00000000        0x0 obj/sdram_dbgu.o
 .text          0x00000000        0x0 obj/sdram_pio.o
 .data          0x00000000        0x0 obj/sdram_pio.o
 .bss           0x00000000        0x0 obj/sdram_pio.o
 .text.PIO_Set  0x00000000        0x0 obj/sdram_pio.o
 .text.PIO_Clear
                0x00000000        0x0 obj/sdram_pio.o
 .text.PIO_Get  0x00000000        0x0 obj/sdram_pio.o
 .text.PIO_GetOutputDataStatus
                0x00000000        0x0 obj/sdram_pio.o
 .text          0x00000000        0x0 obj/sdram_aic.o
 .data          0x00000000        0x0 obj/sdram_aic.o
 .bss           0x00000000        0x0 obj/sdram_aic.o
 .text.IRQ_ConfigureIT
                0x00000000        0x0 obj/sdram_aic.o
 .text.IRQ_EnableIT
                0x00000000        0x0 obj/sdram_aic.o
 .text.IRQ_DisableIT
                0x00000000        0x0 obj/sdram_aic.o
 .text          0x00000000        0x0 obj/sdram_cp15.o
 .data          0x00000000        0x0 obj/sdram_cp15.o
 .bss           0x00000000        0x0 obj/sdram_cp15.o
 .text.CP15_LockDcache
                0x00000000        0x0 obj/sdram_cp15.o
 .text.CP15_LockIcache
                0x00000000        0x0 obj/sdram_cp15.o
 .text.CP15_IsDcacheEnabled
                0x00000000        0x0 obj/sdram_cp15.o
 .text.CP15_IsMMUEnabled
                0x00000000        0x0 obj/sdram_cp15.o
 .text.CP15_IsIcacheEnabled
                0x00000000        0x0 obj/sdram_cp15.o
 .text.CP15_DisableDcache
                0x00000000        0x0 obj/sdram_cp15.o
 .text.CP15_ShutdownDcache
                0x00000000        0x0 obj/sdram_cp15.o
 .text.CP15_EnableDcache
                0x00000000        0x0 obj/sdram_cp15.o
 .text.CP15_DisableMMU
                0x00000000        0x0 obj/sdram_cp15.o
 .text.CP15_EnableMMU
                0x00000000        0x0 obj/sdram_cp15.o
 .text.CP15_DisableIcache
                0x00000000        0x0 obj/sdram_cp15.o
 .text.CP15_EnableIcache
                0x00000000        0x0 obj/sdram_cp15.o
 .rodata.str1.1
                0x00000000        0x0 obj/sdram_cp15.o
 .text          0x00000000        0x0 obj/sdram_board_memories.o
 .data          0x00000000        0x0 obj/sdram_board_memories.o
 .bss           0x00000000        0x0 obj/sdram_board_memories.o
 .text.sleep_time
                0x00000000        0x0 obj/sdram_board_memories.o
 .text.BOARD_ConfigureVddMemSel
                0x00000000        0x0 obj/sdram_board_memories.o
 .text.BOARD_RemapRom
                0x00000000        0x0 obj/sdram_board_memories.o
 .text.BOARD_RemapRam
                0x00000000        0x0 obj/sdram_board_memories.o
 .text.BOARD_ConfigureNandFlash
                0x00000000        0x0 obj/sdram_board_memories.o
 .text.BOARD_ConfigureNandFlash48MHz
                0x00000000        0x0 obj/sdram_board_memories.o
 .text.BOARD_ConfigureSdram
                0x00000000        0x0 obj/sdram_board_memories.o
 .rodata        0x00000000        0x0 obj/sdram_board_memories.o
 .text          0x00000000        0x0 obj/sdram_board_lowlevel.o
 .data          0x00000000        0x0 obj/sdram_board_lowlevel.o
 .bss           0x00000000        0x0 obj/sdram_board_lowlevel.o
 .text.defaultSpuriousHandler
                0x00000000        0x0 obj/sdram_board_lowlevel.o
 .text.defaultFiqHandler
                0x00000000        0x0 obj/sdram_board_lowlevel.o
 .text.defaultIrqHandler
                0x00000000        0x0 obj/sdram_board_lowlevel.o
 .text.BOARD_AT73C224_Read
                0x00000000        0x0 obj/sdram_board_lowlevel.o
 .text.BOARD_AT73C224_Write
                0x00000000        0x0 obj/sdram_board_lowlevel.o
 .text.LowLevelInit
                0x00000000        0x0 obj/sdram_board_lowlevel.o
 .rodata        0x00000000        0x0 obj/sdram_board_lowlevel.o
 .rodata.str1.1
                0x00000000        0x0 obj/sdram_board_lowlevel.o
 .data          0x00000000        0x0 /usr/local/codesourcery/arm-none-eabi/arm-2008q1/bin/../lib/gcc/arm-none-eabi/4.2.3/libgcc.a(_udivsi3.o)
 .bss           0x00000000        0x0 /usr/local/codesourcery/arm-none-eabi/arm-2008q1/bin/../lib/gcc/arm-none-eabi/4.2.3/libgcc.a(_udivsi3.o)
 .data          0x00000000        0x0 /usr/local/codesourcery/arm-none-eabi/arm-2008q1/bin/../lib/gcc/arm-none-eabi/4.2.3/libgcc.a(_dvmd_tls.o)
 .bss           0x00000000        0x0 /usr/local/codesourcery/arm-none-eabi/arm-2008q1/bin/../lib/gcc/arm-none-eabi/4.2.3/libgcc.a(_dvmd_tls.o)
 .data          0x00000000        0x0 /usr/local/codesourcery/arm-none-eabi/arm-2008q1/bin/../lib/gcc/arm-none-eabi/4.2.3/../../../../arm-none-eabi/lib/libc.a(lib_a-memcpy.o)
 .bss           0x00000000        0x0 /usr/local/codesourcery/arm-none-eabi/arm-2008q1/bin/../lib/gcc/arm-none-eabi/4.2.3/../../../../arm-none-eabi/lib/libc.a(lib_a-memcpy.o)
 .data          0x00000000        0x0 /usr/local/codesourcery/arm-none-eabi/arm-2008q1/bin/../lib/gcc/arm-none-eabi/4.2.3/../../../../arm-none-eabi/lib/libc.a(lib_a-memset.o)
 .bss           0x00000000        0x0 /usr/local/codesourcery/arm-none-eabi/arm-2008q1/bin/../lib/gcc/arm-none-eabi/4.2.3/../../../../arm-none-eabi/lib/libc.a(lib_a-memset.o)

Memory Configuration

Name             Origin             Length             Attributes
sram             0x00100000         0x00008000         w !xr
ddram            0x70000000         0x02000000         w !xr
*default*        0x00000000         0xffffffff

Linker script and memory map

LOAD obj/sdram_isp_cstartup.o
LOAD obj/sdram_main.o
LOAD obj/sdram_spid.o
LOAD obj/sdram_at45.o
LOAD obj/sdram_at45d.o
LOAD obj/sdram_math.o
LOAD obj/sdram_stdio.o
LOAD obj/sdram_trace.o
LOAD obj/sdram_dbgu.o
LOAD obj/sdram_pio.o
LOAD obj/sdram_aic.o
LOAD obj/sdram_cp15.o
LOAD obj/sdram_board_memories.o
LOAD obj/sdram_board_lowlevel.o
START GROUP
LOAD /usr/local/codesourcery/arm-none-eabi/arm-2008q1/bin/../lib/gcc/arm-none-eabi/4.2.3/libgcc.a
LOAD /usr/local/codesourcery/arm-none-eabi/arm-2008q1/bin/../lib/gcc/arm-none-eabi/4.2.3/../../../../arm-none-eabi/lib/libc.a
END GROUP

.fixed          0x70000000     0x29f4
                0x70000000                . = ALIGN (0x4)
                0x70000000                _sfixed = .
 *(.text*)
 .text          0x70000000       0xf0 obj/sdram_isp_cstartup.o
                0x70000000                entry
 .text.main     0x700000f0      0x850 obj/sdram_main.o
                0x700000f0                main
 .text.SPID_Configure
                0x70000940       0x6c obj/sdram_spid.o
                0x70000940                SPID_Configure
 .text.SPID_ConfigureCS
                0x700009ac       0x10 obj/sdram_spid.o
                0x700009ac                SPID_ConfigureCS
 .text.SPID_SendCommand
                0x700009bc       0xbc obj/sdram_spid.o
                0x700009bc                SPID_SendCommand
 .text.SPID_Handler
                0x70000a78       0x80 obj/sdram_spid.o
                0x70000a78                SPID_Handler
 .text.SPID_IsBusy
                0x70000af8       0x10 obj/sdram_spid.o
                0x70000af8                SPID_IsBusy
 .text.AT45_FindDevice
                0x70000b08       0x78 obj/sdram_at45.o
                0x70000b08                AT45_FindDevice
 .text.AT45_PageSize
                0x70000b80       0x2c obj/sdram_at45.o
                0x70000b80                AT45_PageSize
 .text.AT45_IsBusy
                0x70000bac       0x20 obj/sdram_at45.o
                0x70000bac                AT45_IsBusy
 .text.AT45_SendCommand
                0x70000bcc      0x1b8 obj/sdram_at45.o
                0x70000bcc                AT45_SendCommand
 .text.AT45_Configure
                0x70000d84       0xb4 obj/sdram_at45.o
                0x70000d84                AT45_Configure
 .text.AT45D_Wait
                0x70000e38       0x7c obj/sdram_at45d.o
 .text.AT45D_Read
                0x70000eb4      0x118 obj/sdram_at45d.o
                0x70000eb4                AT45D_Read
 .text.AT45D_GetStatus
                0x70000fcc       0xe8 obj/sdram_at45d.o
                0x70000fcc                AT45D_GetStatus
 .text.AT45D_WaitReady
                0x700010b4       0x68 obj/sdram_at45d.o
                0x700010b4                AT45D_WaitReady
 .text.AT45D_BinaryPage
                0x7000111c      0x120 obj/sdram_at45d.o
                0x7000111c                AT45D_BinaryPage
 .text.AT45D_Erase
                0x7000123c       0xec obj/sdram_at45d.o
                0x7000123c                AT45D_Erase
 .text.AT45D_Write
                0x70001328      0x160 obj/sdram_at45d.o
                0x70001328                AT45D_Write
 .text.min      0x70001488        0xc obj/sdram_math.o
                0x70001488                min
 .text.PutChar  0x70001494        0xc obj/sdram_stdio.o
                0x70001494                PutChar
 .text.PutString
                0x700014a0       0x24 obj/sdram_stdio.o
                0x700014a0                PutString
 .text.PutUnsignedInt
                0x700014c4       0xd0 obj/sdram_stdio.o
                0x700014c4                PutUnsignedInt
 .text.PutSignedInt
                0x70001594      0x12c obj/sdram_stdio.o
                0x70001594                PutSignedInt
 .text.PutHexa  0x700016c0       0xbc obj/sdram_stdio.o
                0x700016c0                PutHexa
 .text.vsnprintf
                0x7000177c      0x1e8 obj/sdram_stdio.o
                0x7000177c                vsnprintf
 .text.vsprintf
                0x70001964       0x28 obj/sdram_stdio.o
                0x70001964                vsprintf
 .text.vfprintf
                0x7000198c       0xa4 obj/sdram_stdio.o
                0x7000198c                vfprintf
 .text.vprintf  0x70001a30       0x38 obj/sdram_stdio.o
                0x70001a30                vprintf
 .text.printf   0x70001a68       0x34 obj/sdram_stdio.o
                0x70001a68                printf
 .text.fputc    0x70001a9c       0x50 obj/sdram_trace.o
                0x70001a9c                fputc
 .text.fputs    0x70001aec       0x50 obj/sdram_trace.o
                0x70001aec                fputs
 .text.DBGU_Configure
                0x70001b3c       0x58 obj/sdram_dbgu.o
                0x70001b3c                DBGU_Configure
 .text.DBGU_PutChar
                0x70001b94       0x28 obj/sdram_dbgu.o
                0x70001b94                DBGU_PutChar
 .text.PIO_Configure
                0x70001bbc      0x11c obj/sdram_pio.o
                0x70001bbc                PIO_Configure
 .text          0x70001cd8      0x114 /usr/local/codesourcery/arm-none-eabi/arm-2008q1/bin/../lib/gcc/arm-none-eabi/4.2.3/libgcc.a(_udivsi3.o)
                0x70001cd8                __udivsi3
                0x70001cd8                __aeabi_uidiv
                0x70001dcc                __aeabi_uidivmod
 .text          0x70001dec        0x4 /usr/local/codesourcery/arm-none-eabi/arm-2008q1/bin/../lib/gcc/arm-none-eabi/4.2.3/libgcc.a(_dvmd_tls.o)
                0x70001dec                __aeabi_ldiv0
                0x70001dec                __aeabi_idiv0
 .text          0x70001df0       0xa4 /usr/local/codesourcery/arm-none-eabi/arm-2008q1/bin/../lib/gcc/arm-none-eabi/4.2.3/../../../../arm-none-eabi/lib/libc.a(lib_a-memcpy.o)
                0x70001df0                memcpy
 .text          0x70001e94       0x8c /usr/local/codesourcery/arm-none-eabi/arm-2008q1/bin/../lib/gcc/arm-none-eabi/4.2.3/../../../../arm-none-eabi/lib/libc.a(lib_a-memset.o)
                0x70001e94                memset
 *(.rodata*)
 .rodata        0x70001f20       0x64 obj/sdram_main.o
 .rodata.str1.1
                0x70001f84      0x322 obj/sdram_main.o
 *fill*         0x700022a6        0x2 00
 .rodata        0x700022a8       0xf0 obj/sdram_at45.o
 .rodata.str1.1
                0x70002398      0x12f obj/sdram_at45.o
 .rodata        0x700024c7        0x3 obj/sdram_at45d.o
 .rodata.str1.1
                0x700024ca       0xf6 obj/sdram_at45d.o
                                0x103 (size before relaxing)
 .rodata.str1.1
                0x700025c0       0x24 obj/sdram_stdio.o
 *(.glue_7)
 .glue_7        0x700025e4        0x0 obj/sdram_isp_cstartup.o
 .glue_7        0x700025e4        0x0 obj/sdram_main.o
 .glue_7        0x700025e4        0x0 obj/sdram_spid.o
 .glue_7        0x700025e4        0x0 obj/sdram_at45.o
 .glue_7        0x700025e4        0x0 obj/sdram_at45d.o
 .glue_7        0x700025e4        0x0 obj/sdram_math.o
 .glue_7        0x700025e4        0x0 obj/sdram_stdio.o
 .glue_7        0x700025e4        0x0 obj/sdram_trace.o
 .glue_7        0x700025e4        0x0 obj/sdram_dbgu.o
 .glue_7        0x700025e4        0x0 obj/sdram_pio.o
 .glue_7        0x700025e4        0x0 obj/sdram_aic.o
 .glue_7        0x700025e4        0x0 obj/sdram_cp15.o
 .glue_7        0x700025e4        0x0 obj/sdram_board_memories.o
 .glue_7        0x700025e4        0x0 obj/sdram_board_lowlevel.o
 .glue_7        0x700025e4        0x0 /usr/local/codesourcery/arm-none-eabi/arm-2008q1/bin/../lib/gcc/arm-none-eabi/4.2.3/libgcc.a(_udivsi3.o)
 .glue_7        0x700025e4        0x0 /usr/local/codesourcery/arm-none-eabi/arm-2008q1/bin/../lib/gcc/arm-none-eabi/4.2.3/libgcc.a(_dvmd_tls.o)
 .glue_7        0x700025e4        0x0 /usr/local/codesourcery/arm-none-eabi/arm-2008q1/bin/../lib/gcc/arm-none-eabi/4.2.3/../../../../arm-none-eabi/lib/libc.a(lib_a-memcpy.o)
 .glue_7        0x700025e4        0x0 /usr/local/codesourcery/arm-none-eabi/arm-2008q1/bin/../lib/gcc/arm-none-eabi/4.2.3/../../../../arm-none-eabi/lib/libc.a(lib_a-memset.o)
 *(.glue_7t)
 .glue_7t       0x700025e4        0x0 obj/sdram_isp_cstartup.o
 .glue_7t       0x700025e4        0x0 obj/sdram_main.o
 .glue_7t       0x700025e4        0x0 obj/sdram_spid.o
 .glue_7t       0x700025e4        0x0 obj/sdram_at45.o
 .glue_7t       0x700025e4        0x0 obj/sdram_at45d.o
 .glue_7t       0x700025e4        0x0 obj/sdram_math.o
 .glue_7t       0x700025e4        0x0 obj/sdram_stdio.o
 .glue_7t       0x700025e4        0x0 obj/sdram_trace.o
 .glue_7t       0x700025e4        0x0 obj/sdram_dbgu.o
 .glue_7t       0x700025e4        0x0 obj/sdram_pio.o
 .glue_7t       0x700025e4        0x0 obj/sdram_aic.o
 .glue_7t       0x700025e4        0x0 obj/sdram_cp15.o
 .glue_7t       0x700025e4        0x0 obj/sdram_board_memories.o
 .glue_7t       0x700025e4        0x0 obj/sdram_board_lowlevel.o
 .glue_7t       0x700025e4        0x0 /usr/local/codesourcery/arm-none-eabi/arm-2008q1/bin/../lib/gcc/arm-none-eabi/4.2.3/libgcc.a(_udivsi3.o)
 .glue_7t       0x700025e4        0x0 /usr/local/codesourcery/arm-none-eabi/arm-2008q1/bin/../lib/gcc/arm-none-eabi/4.2.3/libgcc.a(_dvmd_tls.o)
 .glue_7t       0x700025e4        0x0 /usr/local/codesourcery/arm-none-eabi/arm-2008q1/bin/../lib/gcc/arm-none-eabi/4.2.3/../../../../arm-none-eabi/lib/libc.a(lib_a-memcpy.o)
 .glue_7t       0x700025e4        0x0 /usr/local/codesourcery/arm-none-eabi/arm-2008q1/bin/../lib/gcc/arm-none-eabi/4.2.3/../../../../arm-none-eabi/lib/libc.a(lib_a-memset.o)
 *(.data)
 *fill*         0x700025e4        0x4 00
 .data          0x700025e8      0x408 obj/sdram_stdio.o
                0x700025f0                r
                0x700025e8                _impure_ptr
 .data          0x700029f0        0x4 obj/sdram_trace.o
                0x700029f0                traceLevel
                0x700029f4                . = ALIGN (0x4)
                0x700029f4                _efixed = .

.vfp11_veneer   0x00000000        0x0
 .vfp11_veneer  0x00000000        0x0 obj/sdram_isp_cstartup.o
 .vfp11_veneer  0x00000000        0x0 obj/sdram_main.o
 .vfp11_veneer  0x00000000        0x0 obj/sdram_spid.o
 .vfp11_veneer  0x00000000        0x0 obj/sdram_at45.o
 .vfp11_veneer  0x00000000        0x0 obj/sdram_at45d.o
 .vfp11_veneer  0x00000000        0x0 obj/sdram_math.o
 .vfp11_veneer  0x00000000        0x0 obj/sdram_stdio.o
 .vfp11_veneer  0x00000000        0x0 obj/sdram_trace.o
 .vfp11_veneer  0x00000000        0x0 obj/sdram_dbgu.o
 .vfp11_veneer  0x00000000        0x0 obj/sdram_pio.o
 .vfp11_veneer  0x00000000        0x0 obj/sdram_aic.o
 .vfp11_veneer  0x00000000        0x0 obj/sdram_cp15.o
 .vfp11_veneer  0x00000000        0x0 obj/sdram_board_memories.o
 .vfp11_veneer  0x00000000        0x0 obj/sdram_board_lowlevel.o
 .vfp11_veneer  0x00000000        0x0 /usr/local/codesourcery/arm-none-eabi/arm-2008q1/bin/../lib/gcc/arm-none-eabi/4.2.3/libgcc.a(_udivsi3.o)
 .vfp11_veneer  0x00000000        0x0 /usr/local/codesourcery/arm-none-eabi/arm-2008q1/bin/../lib/gcc/arm-none-eabi/4.2.3/libgcc.a(_dvmd_tls.o)
 .vfp11_veneer  0x00000000        0x0 /usr/local/codesourcery/arm-none-eabi/arm-2008q1/bin/../lib/gcc/arm-none-eabi/4.2.3/../../../../arm-none-eabi/lib/libc.a(lib_a-memcpy.o)
 .vfp11_veneer  0x00000000        0x0 /usr/local/codesourcery/arm-none-eabi/arm-2008q1/bin/../lib/gcc/arm-none-eabi/4.2.3/../../../../arm-none-eabi/lib/libc.a(lib_a-memset.o)

.v4_bx          0x00000000        0x0
 .v4_bx         0x00000000        0x0 obj/sdram_isp_cstartup.o
 .v4_bx         0x00000000        0x0 obj/sdram_main.o
 .v4_bx         0x00000000        0x0 obj/sdram_spid.o
 .v4_bx         0x00000000        0x0 obj/sdram_at45.o
 .v4_bx         0x00000000        0x0 obj/sdram_at45d.o
 .v4_bx         0x00000000        0x0 obj/sdram_math.o
 .v4_bx         0x00000000        0x0 obj/sdram_stdio.o
 .v4_bx         0x00000000        0x0 obj/sdram_trace.o
 .v4_bx         0x00000000        0x0 obj/sdram_dbgu.o
 .v4_bx         0x00000000        0x0 obj/sdram_pio.o
 .v4_bx         0x00000000        0x0 obj/sdram_aic.o
 .v4_bx         0x00000000        0x0 obj/sdram_cp15.o
 .v4_bx         0x00000000        0x0 obj/sdram_board_memories.o
 .v4_bx         0x00000000        0x0 obj/sdram_board_lowlevel.o
 .v4_bx         0x00000000        0x0 /usr/local/codesourcery/arm-none-eabi/arm-2008q1/bin/../lib/gcc/arm-none-eabi/4.2.3/libgcc.a(_udivsi3.o)
 .v4_bx         0x00000000        0x0 /usr/local/codesourcery/arm-none-eabi/arm-2008q1/bin/../lib/gcc/arm-none-eabi/4.2.3/libgcc.a(_dvmd_tls.o)
 .v4_bx         0x00000000        0x0 /usr/local/codesourcery/arm-none-eabi/arm-2008q1/bin/../lib/gcc/arm-none-eabi/4.2.3/../../../../arm-none-eabi/lib/libc.a(lib_a-memcpy.o)
 .v4_bx         0x00000000        0x0 /usr/local/codesourcery/arm-none-eabi/arm-2008q1/bin/../lib/gcc/arm-none-eabi/4.2.3/../../../../arm-none-eabi/lib/libc.a(lib_a-memset.o)

.prerelocate    0x00000000        0x0 load address 0x700029f4
                0x00000000                . = ALIGN (0x4)
                0x00000000                _sprerelocate = .
                0x00000000                . = ALIGN (0x4)
                0x00000000                _eprerelocate = .

.postrelocate   0x00100000        0x0 load address 0x700029f4
                0x00100000                . = ALIGN (0x4)
                0x00100000                _spostrelocate = .
 *(.vectors)
                0x00100000                . = ALIGN (0x4)
                0x00100000                _epostrelocate = .

.bss            0x700029f4       0x4c
                0x700029f4                _szero = .
 *(.bss)
 .bss           0x700029f4       0x48 obj/sdram_main.o
                0x700029f4                at45Index
 .bss           0x70002a3c        0x1 obj/sdram_at45.o
                0x70002a40                . = ALIGN (0x4)
 *fill*         0x70002a3d        0x3 00
                0x70002a40                _ezero = .
                0x00108000                _sstack = 0x108000
                0x70002a40                end = .
OUTPUT(bin/isp-dataflash-at91cap9.elf elf32-littlearm)

.ARM.attributes
                0x00000000       0x22
 .ARM.attributes
                0x00000000       0x14 obj/sdram_isp_cstartup.o
 .ARM.attributes
                0x00000014       0x2e obj/sdram_main.o
 .ARM.attributes
                0x00000042       0x2e obj/sdram_spid.o
 .ARM.attributes
                0x00000070       0x2e obj/sdram_at45.o
 .ARM.attributes
                0x0000009e       0x2e obj/sdram_at45d.o
 .ARM.attributes
                0x000000cc       0x2e obj/sdram_math.o
 .ARM.attributes
                0x000000fa       0x2e obj/sdram_stdio.o
 .ARM.attributes
                0x00000128       0x2e obj/sdram_trace.o
 .ARM.attributes
                0x00000156       0x2e obj/sdram_dbgu.o
 .ARM.attributes
                0x00000184       0x2e obj/sdram_pio.o
 .ARM.attributes
                0x000001b2       0x2e obj/sdram_aic.o
 .ARM.attributes
                0x000001e0       0x2e obj/sdram_cp15.o
 .ARM.attributes
                0x0000020e       0x2e obj/sdram_board_memories.o
 .ARM.attributes
                0x0000023c       0x2e obj/sdram_board_lowlevel.o
 .ARM.attributes
                0x0000026a       0x14 /usr/local/codesourcery/arm-none-eabi/arm-2008q1/bin/../lib/gcc/arm-none-eabi/4.2.3/libgcc.a(_udivsi3.o)
 .ARM.attributes
                0x0000027e       0x14 /usr/local/codesourcery/arm-none-eabi/arm-2008q1/bin/../lib/gcc/arm-none-eabi/4.2.3/libgcc.a(_dvmd_tls.o)
 .ARM.attributes
                0x00000292       0x2e /usr/local/codesourcery/arm-none-eabi/arm-2008q1/bin/../lib/gcc/arm-none-eabi/4.2.3/../../../../arm-none-eabi/lib/libc.a(lib_a-memcpy.o)
 .ARM.attributes
                0x000002c0       0x2e /usr/local/codesourcery/arm-none-eabi/arm-2008q1/bin/../lib/gcc/arm-none-eabi/4.2.3/../../../../arm-none-eabi/lib/libc.a(lib_a-memset.o)

.debug_line     0x00000000     0x1404
 .debug_line    0x00000000       0x61 obj/sdram_isp_cstartup.o
 .debug_line    0x00000061      0x1ad obj/sdram_main.o
 .debug_line    0x0000020e      0x135 obj/sdram_spid.o
 .debug_line    0x00000343      0x142 obj/sdram_at45.o
 .debug_line    0x00000485      0x15c obj/sdram_at45d.o
 .debug_line    0x000005e1       0x77 obj/sdram_math.o
 .debug_line    0x00000658      0x35a obj/sdram_stdio.o
 .debug_line    0x000009b2      0x2d4 obj/sdram_trace.o
 .debug_line    0x00000c86       0xd7 obj/sdram_dbgu.o
 .debug_line    0x00000d5d      0x137 obj/sdram_pio.o
 .debug_line    0x00000e94       0xbd obj/sdram_aic.o
 .debug_line    0x00000f51      0x166 obj/sdram_cp15.o
 .debug_line    0x000010b7      0x1a3 obj/sdram_board_memories.o
 .debug_line    0x0000125a      0x1aa obj/sdram_board_lowlevel.o

.debug_info     0x00000000     0x59bc
 .debug_info    0x00000000       0x95 obj/sdram_isp_cstartup.o
 .debug_info    0x00000095      0xaf7 obj/sdram_main.o
 .debug_info    0x00000b8c      0x5bf obj/sdram_spid.o
 .debug_info    0x0000114b      0x5ef obj/sdram_at45.o
 .debug_info    0x0000173a      0x5e5 obj/sdram_at45d.o
 .debug_info    0x00001d1f      0x10e obj/sdram_math.o
 .debug_info    0x00001e2d      0xe6f obj/sdram_stdio.o
 .debug_info    0x00002c9c      0xbca obj/sdram_trace.o
 .debug_info    0x00003866      0x27b obj/sdram_dbgu.o
 .debug_info    0x00003ae1      0x6eb obj/sdram_pio.o
 .debug_info    0x000041cc      0x254 obj/sdram_aic.o
 .debug_info    0x00004420      0x273 obj/sdram_cp15.o
 .debug_info    0x00004693      0x8cd obj/sdram_board_memories.o
 .debug_info    0x00004f60      0xa5c obj/sdram_board_lowlevel.o

.debug_abbrev   0x00000000     0x134d
 .debug_abbrev  0x00000000       0x14 obj/sdram_isp_cstartup.o
 .debug_abbrev  0x00000014      0x1c2 obj/sdram_main.o
 .debug_abbrev  0x000001d6      0x183 obj/sdram_spid.o
 .debug_abbrev  0x00000359      0x189 obj/sdram_at45.o
 .debug_abbrev  0x000004e2      0x168 obj/sdram_at45d.o
 .debug_abbrev  0x0000064a       0xb6 obj/sdram_math.o
 .debug_abbrev  0x00000700      0x296 obj/sdram_stdio.o
 .debug_abbrev  0x00000996      0x245 obj/sdram_trace.o
 .debug_abbrev  0x00000bdb       0xcf obj/sdram_dbgu.o
 .debug_abbrev  0x00000caa      0x1b8 obj/sdram_pio.o
 .debug_abbrev  0x00000e62       0xce obj/sdram_aic.o
 .debug_abbrev  0x00000f30       0xe5 obj/sdram_cp15.o
 .debug_abbrev  0x00001015      0x169 obj/sdram_board_memories.o
 .debug_abbrev  0x0000117e      0x1cf obj/sdram_board_lowlevel.o

.debug_aranges  0x00000000      0x3e0
 .debug_aranges
                0x00000000       0x20 obj/sdram_isp_cstartup.o
 .debug_aranges
                0x00000020       0x20 obj/sdram_main.o
 .debug_aranges
                0x00000040       0x40 obj/sdram_spid.o
 .debug_aranges
                0x00000080       0x40 obj/sdram_at45.o
 .debug_aranges
                0x000000c0       0x50 obj/sdram_at45d.o
 .debug_aranges
                0x00000110       0x30 obj/sdram_math.o
 .debug_aranges
                0x00000140       0x88 obj/sdram_stdio.o
 .debug_aranges
                0x000001c8       0x60 obj/sdram_trace.o
 .debug_aranges
                0x00000228       0x38 obj/sdram_dbgu.o
 .debug_aranges
                0x00000260       0x40 obj/sdram_pio.o
 .debug_aranges
                0x000002a0       0x30 obj/sdram_aic.o
 .debug_aranges
                0x000002d0       0x78 obj/sdram_cp15.o
 .debug_aranges
                0x00000348       0x50 obj/sdram_board_memories.o
 .debug_aranges
                0x00000398       0x48 obj/sdram_board_lowlevel.o

.debug_frame    0x00000000      0x8ec
 .debug_frame   0x00000000       0x38 obj/sdram_main.o
 .debug_frame   0x00000038       0x7c obj/sdram_spid.o
 .debug_frame   0x000000b4       0x98 obj/sdram_at45.o
 .debug_frame   0x0000014c       0xd4 obj/sdram_at45d.o
 .debug_frame   0x00000220       0x40 obj/sdram_math.o
 .debug_frame   0x00000260      0x1ac obj/sdram_stdio.o
 .debug_frame   0x0000040c      0x11c obj/sdram_trace.o
 .debug_frame   0x00000528       0x5c obj/sdram_dbgu.o
 .debug_frame   0x00000584       0x68 obj/sdram_pio.o
 .debug_frame   0x000005ec       0x48 obj/sdram_aic.o
 .debug_frame   0x00000634      0x134 obj/sdram_cp15.o
 .debug_frame   0x00000768       0x94 obj/sdram_board_memories.o
 .debug_frame   0x000007fc       0x88 obj/sdram_board_lowlevel.o
 .debug_frame   0x00000884       0x20 /usr/local/codesourcery/arm-none-eabi/arm-2008q1/bin/../lib/gcc/arm-none-eabi/4.2.3/libgcc.a(_udivsi3.o)
 .debug_frame   0x000008a4       0x28 /usr/local/codesourcery/arm-none-eabi/arm-2008q1/bin/../lib/gcc/arm-none-eabi/4.2.3/../../../../arm-none-eabi/lib/libc.a(lib_a-memcpy.o)
 .debug_frame   0x000008cc       0x20 /usr/local/codesourcery/arm-none-eabi/arm-2008q1/bin/../lib/gcc/arm-none-eabi/4.2.3/../../../../arm-none-eabi/lib/libc.a(lib_a-memset.o)

.debug_loc      0x00000000     0x1e96
 .debug_loc     0x00000000      0x2a3 obj/sdram_main.o
 .debug_loc     0x000002a3      0x168 obj/sdram_spid.o
 .debug_loc     0x0000040b      0x242 obj/sdram_at45.o
 .debug_loc     0x0000064d      0x4b2 obj/sdram_at45d.o
 .debug_loc     0x00000aff       0x44 obj/sdram_math.o
 .debug_loc     0x00000b43      0x91b obj/sdram_stdio.o
 .debug_loc     0x0000145e      0x3a3 obj/sdram_trace.o
 .debug_loc     0x00001801       0x63 obj/sdram_dbgu.o
 .debug_loc     0x00001864      0x20e obj/sdram_pio.o
 .debug_loc     0x00001a72       0x32 obj/sdram_aic.o
 .debug_loc     0x00001aa4      0x27d obj/sdram_cp15.o
 .debug_loc     0x00001d21       0x45 obj/sdram_board_memories.o
 .debug_loc     0x00001d66      0x130 obj/sdram_board_lowlevel.o

.debug_pubnames
                0x00000000      0x68b
 .debug_pubnames
                0x00000000       0x29 obj/sdram_main.o
 .debug_pubnames
                0x00000029       0x70 obj/sdram_spid.o
 .debug_pubnames
                0x00000099       0x70 obj/sdram_at45.o
 .debug_pubnames
                0x00000109       0x7e obj/sdram_at45d.o
 .debug_pubnames
                0x00000187       0x2d obj/sdram_math.o
 .debug_pubnames
                0x000001b4       0xdf obj/sdram_stdio.o
 .debug_pubnames
                0x00000293       0xae obj/sdram_trace.o
 .debug_pubnames
                0x00000341       0x5a obj/sdram_dbgu.o
 .debug_pubnames
                0x0000039b       0x66 obj/sdram_pio.o
 .debug_pubnames
                0x00000401       0x49 obj/sdram_aic.o
 .debug_pubnames
                0x0000044a      0x11b obj/sdram_cp15.o
 .debug_pubnames
                0x00000565       0xbc obj/sdram_board_memories.o
 .debug_pubnames
                0x00000621       0x6a obj/sdram_board_lowlevel.o

.debug_ranges   0x00000000       0x68
 .debug_ranges  0x00000000       0x20 obj/sdram_main.o
 .debug_ranges  0x00000020       0x48 obj/sdram_board_lowlevel.o

.debug_str      0x00000000     0x176f
 .debug_str     0x00000000      0x53f obj/sdram_main.o
                                0x5a3 (size before relaxing)
 .debug_str     0x0000053f      0x130 obj/sdram_spid.o
                                0x30b (size before relaxing)
 .debug_str     0x0000066f       0xb4 obj/sdram_at45.o
                                0x359 (size before relaxing)
 .debug_str     0x00000723       0x9b obj/sdram_at45d.o
                                0x352 (size before relaxing)
 .debug_str     0x000007be       0x28 obj/sdram_math.o
                                0x11d (size before relaxing)
 .debug_str     0x000007e6      0x47a obj/sdram_stdio.o
                                0x5b4 (size before relaxing)
 .debug_str     0x00000c60       0xb4 obj/sdram_trace.o
                                0x57c (size before relaxing)
 .debug_str     0x00000d14      0x146 obj/sdram_dbgu.o
                                0x1d4 (size before relaxing)
 .debug_str     0x00000e5a       0xdd obj/sdram_pio.o
                                0x362 (size before relaxing)
 .debug_str     0x00000f37      0x103 obj/sdram_aic.o
                                0x188 (size before relaxing)
 .debug_str     0x0000103a      0x114 obj/sdram_cp15.o
                                0x207 (size before relaxing)
 .debug_str     0x0000114e      0x3a4 obj/sdram_board_memories.o
                                0x5b8 (size before relaxing)
 .debug_str     0x000014f2      0x27d obj/sdram_board_lowlevel.o
                                0x627 (size before relaxing)

.comment        0x00000000      0x22f
 .comment       0x00000000       0x2b obj/sdram_main.o
 .comment       0x0000002b       0x2b obj/sdram_spid.o
 .comment       0x00000056       0x2b obj/sdram_at45.o
 .comment       0x00000081       0x2b obj/sdram_at45d.o
 .comment       0x000000ac       0x2b obj/sdram_math.o
 .comment       0x000000d7       0x2b obj/sdram_stdio.o
 .comment       0x00000102       0x2b obj/sdram_trace.o
 .comment       0x0000012d       0x2b obj/sdram_dbgu.o
 .comment       0x00000158       0x2b obj/sdram_pio.o
 .comment       0x00000183       0x2b obj/sdram_aic.o
 .comment       0x000001ae       0x2b obj/sdram_cp15.o
 .comment       0x000001d9       0x2b obj/sdram_board_memories.o
 .comment       0x00000204       0x2b obj/sdram_board_lowlevel.o
