Archive member included because of file (symbol)

/usr/local/codesourcery/arm-none-eabi/arm-2008q1/bin/../lib/gcc/arm-none-eabi/4.2.3/libgcc.a(_udivsi3.o)
                              obj/sram_dbgu.o (__aeabi_uidiv)
/usr/local/codesourcery/arm-none-eabi/arm-2008q1/bin/../lib/gcc/arm-none-eabi/4.2.3/libgcc.a(_dvmd_tls.o)
                              /usr/local/codesourcery/arm-none-eabi/arm-2008q1/bin/../lib/gcc/arm-none-eabi/4.2.3/libgcc.a(_udivsi3.o) (__aeabi_idiv0)
/usr/local/codesourcery/arm-none-eabi/arm-2008q1/bin/../lib/gcc/arm-none-eabi/4.2.3/../../../../arm-none-eabi/lib/libc.a(lib_a-memcpy.o)
                              obj/sram_stdio.o (memcpy)

Discarded input sections

 .text          0x00000000        0x0 /usr/local/codesourcery/arm-none-eabi/arm-2008q1/bin/../lib/gcc/arm-none-eabi/4.2.3/crti.o
 .data          0x00000000        0x0 /usr/local/codesourcery/arm-none-eabi/arm-2008q1/bin/../lib/gcc/arm-none-eabi/4.2.3/crti.o
 .bss           0x00000000        0x0 /usr/local/codesourcery/arm-none-eabi/arm-2008q1/bin/../lib/gcc/arm-none-eabi/4.2.3/crti.o
 .init          0x00000000        0x0 /usr/local/codesourcery/arm-none-eabi/arm-2008q1/bin/../lib/gcc/arm-none-eabi/4.2.3/crti.o
 .fini          0x00000000        0x0 /usr/local/codesourcery/arm-none-eabi/arm-2008q1/bin/../lib/gcc/arm-none-eabi/4.2.3/crti.o
 .text          0x00000000        0x0 /usr/local/codesourcery/arm-none-eabi/arm-2008q1/bin/../lib/gcc/arm-none-eabi/4.2.3/crtbegin.o
 .data          0x00000000        0x0 /usr/local/codesourcery/arm-none-eabi/arm-2008q1/bin/../lib/gcc/arm-none-eabi/4.2.3/crtbegin.o
 .bss           0x00000000        0x0 /usr/local/codesourcery/arm-none-eabi/arm-2008q1/bin/../lib/gcc/arm-none-eabi/4.2.3/crtbegin.o
 .init_array    0x00000000        0x0 /usr/local/codesourcery/arm-none-eabi/arm-2008q1/bin/../lib/gcc/arm-none-eabi/4.2.3/crtbegin.o
 .fini_array    0x00000000        0x0 /usr/local/codesourcery/arm-none-eabi/arm-2008q1/bin/../lib/gcc/arm-none-eabi/4.2.3/crtbegin.o
 .eh_frame      0x00000000        0x0 /usr/local/codesourcery/arm-none-eabi/arm-2008q1/bin/../lib/gcc/arm-none-eabi/4.2.3/crtbegin.o
 .jcr           0x00000000        0x0 /usr/local/codesourcery/arm-none-eabi/arm-2008q1/bin/../lib/gcc/arm-none-eabi/4.2.3/crtbegin.o
 .data          0x00000000        0x0 obj/sram_isp_cstartup.o
 .bss           0x00000000        0x0 obj/sram_isp_cstartup.o
 .text          0x00000000        0x0 obj/sram_main.o
 .data          0x00000000        0x0 obj/sram_main.o
 .bss           0x00000000        0x0 obj/sram_main.o
 .text          0x00000000        0x0 obj/sram_board_memories.o
 .data          0x00000000        0x0 obj/sram_board_memories.o
 .bss           0x00000000        0x0 obj/sram_board_memories.o
 .text.BOARD_RemapRom
                0x00000000        0x0 obj/sram_board_memories.o
 .text.BOARD_ConfigureNandFlash
                0x00000000        0x0 obj/sram_board_memories.o
 .text.BOARD_ConfigureNandFlash48MHz
                0x00000000        0x0 obj/sram_board_memories.o
 .text          0x00000000        0x0 obj/sram_board_lowlevel.o
 .data          0x00000000        0x0 obj/sram_board_lowlevel.o
 .bss           0x00000000        0x0 obj/sram_board_lowlevel.o
 .text          0x00000000        0x0 obj/sram_dbgu.o
 .data          0x00000000        0x0 obj/sram_dbgu.o
 .bss           0x00000000        0x0 obj/sram_dbgu.o
 .text.DBGU_IsRxReady
                0x00000000        0x0 obj/sram_dbgu.o
 .text.DBGU_GetChar
                0x00000000        0x0 obj/sram_dbgu.o
 .text          0x00000000        0x0 obj/sram_pio.o
 .data          0x00000000        0x0 obj/sram_pio.o
 .bss           0x00000000        0x0 obj/sram_pio.o
 .text.PIO_Set  0x00000000        0x0 obj/sram_pio.o
 .text.PIO_Clear
                0x00000000        0x0 obj/sram_pio.o
 .text.PIO_Get  0x00000000        0x0 obj/sram_pio.o
 .text.PIO_GetOutputDataStatus
                0x00000000        0x0 obj/sram_pio.o
 .text          0x00000000        0x0 obj/sram_cp15.o
 .data          0x00000000        0x0 obj/sram_cp15.o
 .bss           0x00000000        0x0 obj/sram_cp15.o
 .text.CP15_LockDcache
                0x00000000        0x0 obj/sram_cp15.o
 .text.CP15_LockIcache
                0x00000000        0x0 obj/sram_cp15.o
 .text.CP15_IsDcacheEnabled
                0x00000000        0x0 obj/sram_cp15.o
 .text.CP15_IsMMUEnabled
                0x00000000        0x0 obj/sram_cp15.o
 .text.CP15_IsIcacheEnabled
                0x00000000        0x0 obj/sram_cp15.o
 .text.CP15_DisableDcache
                0x00000000        0x0 obj/sram_cp15.o
 .text.CP15_ShutdownDcache
                0x00000000        0x0 obj/sram_cp15.o
 .text.CP15_EnableDcache
                0x00000000        0x0 obj/sram_cp15.o
 .text.CP15_DisableMMU
                0x00000000        0x0 obj/sram_cp15.o
 .text.CP15_EnableMMU
                0x00000000        0x0 obj/sram_cp15.o
 .text.CP15_DisableIcache
                0x00000000        0x0 obj/sram_cp15.o
 .text.CP15_EnableIcache
                0x00000000        0x0 obj/sram_cp15.o
 .rodata.str1.1
                0x00000000        0x0 obj/sram_cp15.o
 .text          0x00000000        0x0 obj/sram_stdio.o
 .bss           0x00000000        0x0 obj/sram_stdio.o
 .text.sprintf  0x00000000        0x0 obj/sram_stdio.o
 .text.fprintf  0x00000000        0x0 obj/sram_stdio.o
 .text.snprintf
                0x00000000        0x0 obj/sram_stdio.o
 .text          0x00000000        0x0 obj/sram_trace.o
 .bss           0x00000000        0x0 obj/sram_trace.o
 .text.putchar  0x00000000        0x0 obj/sram_trace.o
 .text.TRACE_GetHexa32
                0x00000000        0x0 obj/sram_trace.o
 .text.TRACE_GetInteger
                0x00000000        0x0 obj/sram_trace.o
 .text.TRACE_GetIntegerMinMax
                0x00000000        0x0 obj/sram_trace.o
 .text.TRACE_DumpFrame
                0x00000000        0x0 obj/sram_trace.o
 .text.PrintChar
                0x00000000        0x0 obj/sram_trace.o
 .text.TRACE_DumpMemory
                0x00000000        0x0 obj/sram_trace.o
 .rodata.str1.1
                0x00000000        0x0 obj/sram_trace.o
 .data          0x00000000        0x0 /usr/local/codesourcery/arm-none-eabi/arm-2008q1/bin/../lib/gcc/arm-none-eabi/4.2.3/libgcc.a(_udivsi3.o)
 .bss           0x00000000        0x0 /usr/local/codesourcery/arm-none-eabi/arm-2008q1/bin/../lib/gcc/arm-none-eabi/4.2.3/libgcc.a(_udivsi3.o)
 .data          0x00000000        0x0 /usr/local/codesourcery/arm-none-eabi/arm-2008q1/bin/../lib/gcc/arm-none-eabi/4.2.3/libgcc.a(_dvmd_tls.o)
 .bss           0x00000000        0x0 /usr/local/codesourcery/arm-none-eabi/arm-2008q1/bin/../lib/gcc/arm-none-eabi/4.2.3/libgcc.a(_dvmd_tls.o)
 .data          0x00000000        0x0 /usr/local/codesourcery/arm-none-eabi/arm-2008q1/bin/../lib/gcc/arm-none-eabi/4.2.3/../../../../arm-none-eabi/lib/libc.a(lib_a-memcpy.o)
 .bss           0x00000000        0x0 /usr/local/codesourcery/arm-none-eabi/arm-2008q1/bin/../lib/gcc/arm-none-eabi/4.2.3/../../../../arm-none-eabi/lib/libc.a(lib_a-memcpy.o)
 .text          0x00000000        0x0 /usr/local/codesourcery/arm-none-eabi/arm-2008q1/bin/../lib/gcc/arm-none-eabi/4.2.3/crtend.o
 .data          0x00000000        0x0 /usr/local/codesourcery/arm-none-eabi/arm-2008q1/bin/../lib/gcc/arm-none-eabi/4.2.3/crtend.o
 .bss           0x00000000        0x0 /usr/local/codesourcery/arm-none-eabi/arm-2008q1/bin/../lib/gcc/arm-none-eabi/4.2.3/crtend.o
 .eh_frame      0x00000000        0x0 /usr/local/codesourcery/arm-none-eabi/arm-2008q1/bin/../lib/gcc/arm-none-eabi/4.2.3/crtend.o
 .jcr           0x00000000        0x0 /usr/local/codesourcery/arm-none-eabi/arm-2008q1/bin/../lib/gcc/arm-none-eabi/4.2.3/crtend.o
 .text          0x00000000        0x0 /usr/local/codesourcery/arm-none-eabi/arm-2008q1/bin/../lib/gcc/arm-none-eabi/4.2.3/crtn.o
 .data          0x00000000        0x0 /usr/local/codesourcery/arm-none-eabi/arm-2008q1/bin/../lib/gcc/arm-none-eabi/4.2.3/crtn.o
 .bss           0x00000000        0x0 /usr/local/codesourcery/arm-none-eabi/arm-2008q1/bin/../lib/gcc/arm-none-eabi/4.2.3/crtn.o
 .init          0x00000000        0x0 /usr/local/codesourcery/arm-none-eabi/arm-2008q1/bin/../lib/gcc/arm-none-eabi/4.2.3/crtn.o
 .fini          0x00000000        0x0 /usr/local/codesourcery/arm-none-eabi/arm-2008q1/bin/../lib/gcc/arm-none-eabi/4.2.3/crtn.o

Memory Configuration

Name             Origin             Length             Attributes
romcodesram      0x00100000         0x00001000         w !xr
sram             0x00101000         0x0000f000         w !xr
sdram            0x20000000         0x04000000         w !xr
*default*        0x00000000         0xffffffff

Linker script and memory map

LOAD /usr/local/codesourcery/arm-none-eabi/arm-2008q1/bin/../lib/gcc/arm-none-eabi/4.2.3/crti.o
LOAD /usr/local/codesourcery/arm-none-eabi/arm-2008q1/bin/../lib/gcc/arm-none-eabi/4.2.3/crtbegin.o
LOAD obj/sram_isp_cstartup.o
LOAD obj/sram_main.o
LOAD obj/sram_board_memories.o
LOAD obj/sram_board_lowlevel.o
LOAD obj/sram_dbgu.o
LOAD obj/sram_pio.o
LOAD obj/sram_cp15.o
LOAD obj/sram_stdio.o
LOAD obj/sram_trace.o
START GROUP
LOAD /usr/local/codesourcery/arm-none-eabi/arm-2008q1/bin/../lib/gcc/arm-none-eabi/4.2.3/libgcc.a
LOAD /usr/local/codesourcery/arm-none-eabi/arm-2008q1/bin/../lib/gcc/arm-none-eabi/4.2.3/../../../../arm-none-eabi/lib/libc.a
END GROUP
LOAD /usr/local/codesourcery/arm-none-eabi/arm-2008q1/bin/../lib/gcc/arm-none-eabi/4.2.3/crtend.o
LOAD /usr/local/codesourcery/arm-none-eabi/arm-2008q1/bin/../lib/gcc/arm-none-eabi/4.2.3/crtn.o

.fixed0         0x00101000      0xe34
                0x00101000                . = ALIGN (0x4)
                0x00101000                _sfixed0 = .
 *(.vectors)
 *(.text*)
 .text          0x00101000       0xf0 obj/sram_isp_cstartup.o
                0x00101000                entry
 .text.main     0x001010f0      0x25c obj/sram_main.o
                0x001010f0                main
 .text.sleep_time
                0x0010134c        0x4 obj/sram_board_memories.o
                0x0010134c                sleep_time
 .text.BOARD_ConfigureVddMemSel
                0x00101350       0x40 obj/sram_board_memories.o
                0x00101350                BOARD_ConfigureVddMemSel
 .text.BOARD_RemapRam
                0x00101390        0xc obj/sram_board_memories.o
                0x00101390                BOARD_RemapRam
 .text.BOARD_ConfigureSdram
                0x0010139c       0xa8 obj/sram_board_memories.o
                0x0010139c                BOARD_ConfigureSdram
 .text.defaultSpuriousHandler
                0x00101444        0x4 obj/sram_board_lowlevel.o
                0x00101444                defaultSpuriousHandler
 .text.defaultFiqHandler
                0x00101448        0x4 obj/sram_board_lowlevel.o
                0x00101448                defaultFiqHandler
 .text.defaultIrqHandler
                0x0010144c        0x4 obj/sram_board_lowlevel.o
                0x0010144c                defaultIrqHandler
 .text.BOARD_AT73C224_Read
                0x00101450       0x3c obj/sram_board_lowlevel.o
 .text.BOARD_AT73C224_Write
                0x0010148c       0x24 obj/sram_board_lowlevel.o
 .text.LowLevelInit
                0x001014b0      0x240 obj/sram_board_lowlevel.o
                0x001014b0                LowLevelInit
 .text.DBGU_Configure
                0x001016f0       0x40 obj/sram_dbgu.o
                0x001016f0                DBGU_Configure
 .text.DBGU_PutChar
                0x00101730       0x1c obj/sram_dbgu.o
                0x00101730                DBGU_PutChar
 .text.PIO_Configure
                0x0010174c       0xbc obj/sram_pio.o
                0x0010174c                PIO_Configure
 .text.PutChar  0x00101808        0x8 obj/sram_stdio.o
                0x00101808                PutChar
 .text.PutString
                0x00101810       0x18 obj/sram_stdio.o
                0x00101810                PutString
 .text.PutUnsignedInt
                0x00101828       0x7c obj/sram_stdio.o
                0x00101828                PutUnsignedInt
 .text.PutSignedInt
                0x001018a4       0xb4 obj/sram_stdio.o
                0x001018a4                PutSignedInt
 .text.PutHexa  0x00101958       0x7c obj/sram_stdio.o
                0x00101958                PutHexa
 .text.vsnprintf
                0x001019d4      0x148 obj/sram_stdio.o
                0x001019d4                vsnprintf
 .text.vsprintf
                0x00101b1c       0x20 obj/sram_stdio.o
                0x00101b1c                vsprintf
 .text.puts     0x00101b3c       0x20 obj/sram_stdio.o
                0x00101b3c                puts
 .text.vfprintf
                0x00101b5c       0x60 obj/sram_stdio.o
                0x00101b5c                vfprintf
 .text.vprintf  0x00101bbc       0x28 obj/sram_stdio.o
                0x00101bbc                vprintf
 .text.printf   0x00101be4       0x28 obj/sram_stdio.o
                0x00101be4                printf
 .text.fputc    0x00101c0c       0x38 obj/sram_trace.o
                0x00101c0c                fputc
 .text.fputs    0x00101c44       0x34 obj/sram_trace.o
                0x00101c44                fputs
 .text          0x00101c78      0x114 /usr/local/codesourcery/arm-none-eabi/arm-2008q1/bin/../lib/gcc/arm-none-eabi/4.2.3/libgcc.a(_udivsi3.o)
                0x00101c78                __udivsi3
                0x00101c78                __aeabi_uidiv
                0x00101d6c                __aeabi_uidivmod
 .text          0x00101d8c        0x4 /usr/local/codesourcery/arm-none-eabi/arm-2008q1/bin/../lib/gcc/arm-none-eabi/4.2.3/libgcc.a(_dvmd_tls.o)
                0x00101d8c                __aeabi_ldiv0
                0x00101d8c                __aeabi_idiv0
 .text          0x00101d90       0xa4 /usr/local/codesourcery/arm-none-eabi/arm-2008q1/bin/../lib/gcc/arm-none-eabi/4.2.3/../../../../arm-none-eabi/lib/libc.a(lib_a-memcpy.o)
                0x00101d90                memcpy
 *(.glue_7)
 .glue_7        0x00101e34        0x0 /usr/local/codesourcery/arm-none-eabi/arm-2008q1/bin/../lib/gcc/arm-none-eabi/4.2.3/crti.o
 .glue_7        0x00101e34        0x0 /usr/local/codesourcery/arm-none-eabi/arm-2008q1/bin/../lib/gcc/arm-none-eabi/4.2.3/crtbegin.o
 .glue_7        0x00101e34        0x0 obj/sram_isp_cstartup.o
 .glue_7        0x00101e34        0x0 obj/sram_main.o
 .glue_7        0x00101e34        0x0 obj/sram_board_memories.o
 .glue_7        0x00101e34        0x0 obj/sram_board_lowlevel.o
 .glue_7        0x00101e34        0x0 obj/sram_dbgu.o
 .glue_7        0x00101e34        0x0 obj/sram_pio.o
 .glue_7        0x00101e34        0x0 obj/sram_cp15.o
 .glue_7        0x00101e34        0x0 obj/sram_stdio.o
 .glue_7        0x00101e34        0x0 obj/sram_trace.o
 .glue_7        0x00101e34        0x0 /usr/local/codesourcery/arm-none-eabi/arm-2008q1/bin/../lib/gcc/arm-none-eabi/4.2.3/libgcc.a(_udivsi3.o)
 .glue_7        0x00101e34        0x0 /usr/local/codesourcery/arm-none-eabi/arm-2008q1/bin/../lib/gcc/arm-none-eabi/4.2.3/libgcc.a(_dvmd_tls.o)
 .glue_7        0x00101e34        0x0 /usr/local/codesourcery/arm-none-eabi/arm-2008q1/bin/../lib/gcc/arm-none-eabi/4.2.3/../../../../arm-none-eabi/lib/libc.a(lib_a-memcpy.o)
 .glue_7        0x00101e34        0x0 /usr/local/codesourcery/arm-none-eabi/arm-2008q1/bin/../lib/gcc/arm-none-eabi/4.2.3/crtend.o
 .glue_7        0x00101e34        0x0 /usr/local/codesourcery/arm-none-eabi/arm-2008q1/bin/../lib/gcc/arm-none-eabi/4.2.3/crtn.o
 *(.glue_7t)
 .glue_7t       0x00101e34        0x0 /usr/local/codesourcery/arm-none-eabi/arm-2008q1/bin/../lib/gcc/arm-none-eabi/4.2.3/crti.o
 .glue_7t       0x00101e34        0x0 /usr/local/codesourcery/arm-none-eabi/arm-2008q1/bin/../lib/gcc/arm-none-eabi/4.2.3/crtbegin.o
 .glue_7t       0x00101e34        0x0 obj/sram_isp_cstartup.o
 .glue_7t       0x00101e34        0x0 obj/sram_main.o
 .glue_7t       0x00101e34        0x0 obj/sram_board_memories.o
 .glue_7t       0x00101e34        0x0 obj/sram_board_lowlevel.o
 .glue_7t       0x00101e34        0x0 obj/sram_dbgu.o
 .glue_7t       0x00101e34        0x0 obj/sram_pio.o
 .glue_7t       0x00101e34        0x0 obj/sram_cp15.o
 .glue_7t       0x00101e34        0x0 obj/sram_stdio.o
 .glue_7t       0x00101e34        0x0 obj/sram_trace.o
 .glue_7t       0x00101e34        0x0 /usr/local/codesourcery/arm-none-eabi/arm-2008q1/bin/../lib/gcc/arm-none-eabi/4.2.3/libgcc.a(_udivsi3.o)
 .glue_7t       0x00101e34        0x0 /usr/local/codesourcery/arm-none-eabi/arm-2008q1/bin/../lib/gcc/arm-none-eabi/4.2.3/libgcc.a(_dvmd_tls.o)
 .glue_7t       0x00101e34        0x0 /usr/local/codesourcery/arm-none-eabi/arm-2008q1/bin/../lib/gcc/arm-none-eabi/4.2.3/../../../../arm-none-eabi/lib/libc.a(lib_a-memcpy.o)
 .glue_7t       0x00101e34        0x0 /usr/local/codesourcery/arm-none-eabi/arm-2008q1/bin/../lib/gcc/arm-none-eabi/4.2.3/crtend.o
 .glue_7t       0x00101e34        0x0 /usr/local/codesourcery/arm-none-eabi/arm-2008q1/bin/../lib/gcc/arm-none-eabi/4.2.3/crtn.o
                0x00101e34                . = ALIGN (0x4)
                0x00101e34                _efixed0 = .
                0x00101e34                _efixed = .

.vfp11_veneer   0x00000000        0x0
 .vfp11_veneer  0x00000000        0x0 /usr/local/codesourcery/arm-none-eabi/arm-2008q1/bin/../lib/gcc/arm-none-eabi/4.2.3/crti.o
 .vfp11_veneer  0x00000000        0x0 /usr/local/codesourcery/arm-none-eabi/arm-2008q1/bin/../lib/gcc/arm-none-eabi/4.2.3/crtbegin.o
 .vfp11_veneer  0x00000000        0x0 obj/sram_isp_cstartup.o
 .vfp11_veneer  0x00000000        0x0 obj/sram_main.o
 .vfp11_veneer  0x00000000        0x0 obj/sram_board_memories.o
 .vfp11_veneer  0x00000000        0x0 obj/sram_board_lowlevel.o
 .vfp11_veneer  0x00000000        0x0 obj/sram_dbgu.o
 .vfp11_veneer  0x00000000        0x0 obj/sram_pio.o
 .vfp11_veneer  0x00000000        0x0 obj/sram_cp15.o
 .vfp11_veneer  0x00000000        0x0 obj/sram_stdio.o
 .vfp11_veneer  0x00000000        0x0 obj/sram_trace.o
 .vfp11_veneer  0x00000000        0x0 /usr/local/codesourcery/arm-none-eabi/arm-2008q1/bin/../lib/gcc/arm-none-eabi/4.2.3/libgcc.a(_udivsi3.o)
 .vfp11_veneer  0x00000000        0x0 /usr/local/codesourcery/arm-none-eabi/arm-2008q1/bin/../lib/gcc/arm-none-eabi/4.2.3/libgcc.a(_dvmd_tls.o)
 .vfp11_veneer  0x00000000        0x0 /usr/local/codesourcery/arm-none-eabi/arm-2008q1/bin/../lib/gcc/arm-none-eabi/4.2.3/../../../../arm-none-eabi/lib/libc.a(lib_a-memcpy.o)
 .vfp11_veneer  0x00000000        0x0 /usr/local/codesourcery/arm-none-eabi/arm-2008q1/bin/../lib/gcc/arm-none-eabi/4.2.3/crtend.o
 .vfp11_veneer  0x00000000        0x0 /usr/local/codesourcery/arm-none-eabi/arm-2008q1/bin/../lib/gcc/arm-none-eabi/4.2.3/crtn.o

.v4_bx          0x00000000        0x0
 .v4_bx         0x00000000        0x0 /usr/local/codesourcery/arm-none-eabi/arm-2008q1/bin/../lib/gcc/arm-none-eabi/4.2.3/crti.o
 .v4_bx         0x00000000        0x0 /usr/local/codesourcery/arm-none-eabi/arm-2008q1/bin/../lib/gcc/arm-none-eabi/4.2.3/crtbegin.o
 .v4_bx         0x00000000        0x0 obj/sram_isp_cstartup.o
 .v4_bx         0x00000000        0x0 obj/sram_main.o
 .v4_bx         0x00000000        0x0 obj/sram_board_memories.o
 .v4_bx         0x00000000        0x0 obj/sram_board_lowlevel.o
 .v4_bx         0x00000000        0x0 obj/sram_dbgu.o
 .v4_bx         0x00000000        0x0 obj/sram_pio.o
 .v4_bx         0x00000000        0x0 obj/sram_cp15.o
 .v4_bx         0x00000000        0x0 obj/sram_stdio.o
 .v4_bx         0x00000000        0x0 obj/sram_trace.o
 .v4_bx         0x00000000        0x0 /usr/local/codesourcery/arm-none-eabi/arm-2008q1/bin/../lib/gcc/arm-none-eabi/4.2.3/libgcc.a(_udivsi3.o)
 .v4_bx         0x00000000        0x0 /usr/local/codesourcery/arm-none-eabi/arm-2008q1/bin/../lib/gcc/arm-none-eabi/4.2.3/libgcc.a(_dvmd_tls.o)
 .v4_bx         0x00000000        0x0 /usr/local/codesourcery/arm-none-eabi/arm-2008q1/bin/../lib/gcc/arm-none-eabi/4.2.3/../../../../arm-none-eabi/lib/libc.a(lib_a-memcpy.o)
 .v4_bx         0x00000000        0x0 /usr/local/codesourcery/arm-none-eabi/arm-2008q1/bin/../lib/gcc/arm-none-eabi/4.2.3/crtend.o
 .v4_bx         0x00000000        0x0 /usr/local/codesourcery/arm-none-eabi/arm-2008q1/bin/../lib/gcc/arm-none-eabi/4.2.3/crtn.o

.fixed1         0x00101e38      0x6ac
                0x00101e38                . = ALIGN (0x4)
                0x00101e38                _sfixed1 = .
 *(.rodata*)
 .rodata        0x00101e38        0xc obj/sram_main.o
 .rodata.str1.1
                0x00101e44      0x190 obj/sram_main.o
 .rodata        0x00101fd4        0xc obj/sram_board_memories.o
 .rodata        0x00101fe0       0x18 obj/sram_board_lowlevel.o
 .rodata.str1.1
                0x00101ff8       0xa3 obj/sram_board_lowlevel.o
 *fill*         0x0010209b        0x1 00
 .rodata        0x0010209c       0x14 obj/sram_pio.o
 .rodata.str1.1
                0x001020b0       0x24 obj/sram_stdio.o
 *(.data)
 *fill*         0x001020d4        0x4 00
 .data          0x001020d8      0x408 obj/sram_stdio.o
                0x001020e0                r
                0x001020d8                _impure_ptr
 .data          0x001024e0        0x4 obj/sram_trace.o
                0x001024e0                traceLevel
                0x001024e4                . = ALIGN (0x4)
                0x001024e4                _efixed1 = .

.prerelocate    0x00000000        0x0 load address 0x00101e34
                0x00000000                . = ALIGN (0x4)
                0x00000000                _sprerelocate = .
                0x00000000                . = ALIGN (0x4)
                0x00000000                _eprerelocate = .

.postrelocate   0x00000000        0x0 load address 0x00101e34
                0x00000000                . = ALIGN (0x4)
                0x00000000                _spostrelocate = .
                0x00000000                . = ALIGN (0x4)
                0x00000000                _epostrelocate = .

.bss            0x001024e4        0x0
                0x001024e4                _szero = .
 *(.bss)
                0x001024e4                . = ALIGN (0x4)
                0x001024e4                _ezero = .
                0x00110000                _sstack = 0x110000
                0x001024e4                end = .
OUTPUT(bin/isp-extram-at91cap9.elf elf32-littlearm)

.ARM.attributes
                0x00000000       0x2e
 .ARM.attributes
                0x00000000       0x14 /usr/local/codesourcery/arm-none-eabi/arm-2008q1/bin/../lib/gcc/arm-none-eabi/4.2.3/crti.o
 .ARM.attributes
                0x00000014       0x2e /usr/local/codesourcery/arm-none-eabi/arm-2008q1/bin/../lib/gcc/arm-none-eabi/4.2.3/crtbegin.o
 .ARM.attributes
                0x00000042       0x14 obj/sram_isp_cstartup.o
 .ARM.attributes
                0x00000056       0x2e obj/sram_main.o
 .ARM.attributes
                0x00000084       0x2e obj/sram_board_memories.o
 .ARM.attributes
                0x000000b2       0x2e obj/sram_board_lowlevel.o
 .ARM.attributes
                0x000000e0       0x2e obj/sram_dbgu.o
 .ARM.attributes
                0x0000010e       0x2e obj/sram_pio.o
 .ARM.attributes
                0x0000013c       0x2e obj/sram_cp15.o
 .ARM.attributes
                0x0000016a       0x2e obj/sram_stdio.o
 .ARM.attributes
                0x00000198       0x2e obj/sram_trace.o
 .ARM.attributes
                0x000001c6       0x14 /usr/local/codesourcery/arm-none-eabi/arm-2008q1/bin/../lib/gcc/arm-none-eabi/4.2.3/libgcc.a(_udivsi3.o)
 .ARM.attributes
                0x000001da       0x14 /usr/local/codesourcery/arm-none-eabi/arm-2008q1/bin/../lib/gcc/arm-none-eabi/4.2.3/libgcc.a(_dvmd_tls.o)
 .ARM.attributes
                0x000001ee       0x2e /usr/local/codesourcery/arm-none-eabi/arm-2008q1/bin/../lib/gcc/arm-none-eabi/4.2.3/../../../../arm-none-eabi/lib/libc.a(lib_a-memcpy.o)
 .ARM.attributes
                0x0000021c       0x2c /usr/local/codesourcery/arm-none-eabi/arm-2008q1/bin/../lib/gcc/arm-none-eabi/4.2.3/crtend.o
 .ARM.attributes
                0x00000248       0x14 /usr/local/codesourcery/arm-none-eabi/arm-2008q1/bin/../lib/gcc/arm-none-eabi/4.2.3/crtn.o

.debug_line     0x00000000      0xddf
 .debug_line    0x00000000       0x61 obj/sram_isp_cstartup.o
 .debug_line    0x00000061       0xf1 obj/sram_main.o
 .debug_line    0x00000152      0x17e obj/sram_board_memories.o
 .debug_line    0x000002d0      0x1a6 obj/sram_board_lowlevel.o
 .debug_line    0x00000476       0xd7 obj/sram_dbgu.o
 .debug_line    0x0000054d      0x12c obj/sram_pio.o
 .debug_line    0x00000679      0x162 obj/sram_cp15.o
 .debug_line    0x000007db      0x342 obj/sram_stdio.o
 .debug_line    0x00000b1d      0x2c2 obj/sram_trace.o

.debug_info     0x00000000     0x3fbf
 .debug_info    0x00000000       0x92 obj/sram_isp_cstartup.o
 .debug_info    0x00000092      0x5b8 obj/sram_main.o
 .debug_info    0x0000064a      0x8d3 obj/sram_board_memories.o
 .debug_info    0x00000f1d      0xa66 obj/sram_board_lowlevel.o
 .debug_info    0x00001983      0x27f obj/sram_dbgu.o
 .debug_info    0x00001c02      0x6e3 obj/sram_pio.o
 .debug_info    0x000022e5      0x281 obj/sram_cp15.o
 .debug_info    0x00002566      0xe81 obj/sram_stdio.o
 .debug_info    0x000033e7      0xbd8 obj/sram_trace.o

.debug_abbrev   0x00000000      0xcfd
 .debug_abbrev  0x00000000       0x14 obj/sram_isp_cstartup.o
 .debug_abbrev  0x00000014      0x1bb obj/sram_main.o
 .debug_abbrev  0x000001cf      0x169 obj/sram_board_memories.o
 .debug_abbrev  0x00000338      0x1cf obj/sram_board_lowlevel.o
 .debug_abbrev  0x00000507       0xcf obj/sram_dbgu.o
 .debug_abbrev  0x000005d6      0x190 obj/sram_pio.o
 .debug_abbrev  0x00000766       0xc9 obj/sram_cp15.o
 .debug_abbrev  0x0000082f      0x27c obj/sram_stdio.o
 .debug_abbrev  0x00000aab      0x252 obj/sram_trace.o

.debug_aranges  0x00000000      0x2b0
 .debug_aranges
                0x00000000       0x20 obj/sram_isp_cstartup.o
 .debug_aranges
                0x00000020       0x20 obj/sram_main.o
 .debug_aranges
                0x00000040       0x50 obj/sram_board_memories.o
 .debug_aranges
                0x00000090       0x48 obj/sram_board_lowlevel.o
 .debug_aranges
                0x000000d8       0x38 obj/sram_dbgu.o
 .debug_aranges
                0x00000110       0x40 obj/sram_pio.o
 .debug_aranges
                0x00000150       0x78 obj/sram_cp15.o
 .debug_aranges
                0x000001c8       0x88 obj/sram_stdio.o
 .debug_aranges
                0x00000250       0x60 obj/sram_trace.o

.debug_frame    0x00000000      0x688
 .debug_frame   0x00000000       0x30 obj/sram_main.o
 .debug_frame   0x00000030       0xa8 obj/sram_board_memories.o
 .debug_frame   0x000000d8       0xa0 obj/sram_board_lowlevel.o
 .debug_frame   0x00000178       0x6c obj/sram_dbgu.o
 .debug_frame   0x000001e4       0x80 obj/sram_pio.o
 .debug_frame   0x00000264      0x134 obj/sram_cp15.o
 .debug_frame   0x00000398      0x198 obj/sram_stdio.o
 .debug_frame   0x00000530      0x110 obj/sram_trace.o
 .debug_frame   0x00000640       0x20 /usr/local/codesourcery/arm-none-eabi/arm-2008q1/bin/../lib/gcc/arm-none-eabi/4.2.3/libgcc.a(_udivsi3.o)
 .debug_frame   0x00000660       0x28 /usr/local/codesourcery/arm-none-eabi/arm-2008q1/bin/../lib/gcc/arm-none-eabi/4.2.3/../../../../arm-none-eabi/lib/libc.a(lib_a-memcpy.o)

.debug_loc      0x00000000     0x153b
 .debug_loc     0x00000000       0x9c obj/sram_main.o
 .debug_loc     0x0000009c       0xad obj/sram_board_memories.o
 .debug_loc     0x00000149      0x1c3 obj/sram_board_lowlevel.o
 .debug_loc     0x0000030c       0xa1 obj/sram_dbgu.o
 .debug_loc     0x000003ad      0x1a2 obj/sram_pio.o
 .debug_loc     0x0000054f      0x2be obj/sram_cp15.o
 .debug_loc     0x0000080d      0x90e obj/sram_stdio.o
 .debug_loc     0x0000111b      0x420 obj/sram_trace.o

.debug_pubnames
                0x00000000      0x4a9
 .debug_pubnames
                0x00000000       0x1b obj/sram_main.o
 .debug_pubnames
                0x0000001b       0xbc obj/sram_board_memories.o
 .debug_pubnames
                0x000000d7       0x6a obj/sram_board_lowlevel.o
 .debug_pubnames
                0x00000141       0x5a obj/sram_dbgu.o
 .debug_pubnames
                0x0000019b       0x66 obj/sram_pio.o
 .debug_pubnames
                0x00000201      0x11b obj/sram_cp15.o
 .debug_pubnames
                0x0000031c       0xdf obj/sram_stdio.o
 .debug_pubnames
                0x000003fb       0xae obj/sram_trace.o

.debug_ranges   0x00000000       0x68
 .debug_ranges  0x00000000       0x18 obj/sram_main.o
 .debug_ranges  0x00000018       0x50 obj/sram_board_lowlevel.o

.debug_str      0x00000000     0x12cf
 .debug_str     0x00000000      0x2f4 obj/sram_main.o
                                0x341 (size before relaxing)
 .debug_str     0x000002f4      0x3a4 obj/sram_board_memories.o
                                0x5b5 (size before relaxing)
 .debug_str     0x00000698      0x3ca obj/sram_board_lowlevel.o
                                0x624 (size before relaxing)
 .debug_str     0x00000a62      0x146 obj/sram_dbgu.o
                                0x1d1 (size before relaxing)
 .debug_str     0x00000ba8       0xdd obj/sram_pio.o
                                0x35f (size before relaxing)
 .debug_str     0x00000c85      0x114 obj/sram_cp15.o
                                0x204 (size before relaxing)
 .debug_str     0x00000d99      0x47a obj/sram_stdio.o
                                0x5b1 (size before relaxing)
 .debug_str     0x00001213       0xbc obj/sram_trace.o
                                0x579 (size before relaxing)

.comment        0x00000000      0x158
 .comment       0x00000000       0x2b obj/sram_main.o
 .comment       0x0000002b       0x2b obj/sram_board_memories.o
 .comment       0x00000056       0x2b obj/sram_board_lowlevel.o
 .comment       0x00000081       0x2b obj/sram_dbgu.o
 .comment       0x000000ac       0x2b obj/sram_pio.o
 .comment       0x000000d7       0x2b obj/sram_cp15.o
 .comment       0x00000102       0x2b obj/sram_stdio.o
 .comment       0x0000012d       0x2b obj/sram_trace.o
