Archive member included because of file (symbol)

/usr/local/codesourcery/arm-none-eabi/arm-2008q1/bin/../lib/gcc/arm-none-eabi/4.2.3/libgcc.a(_udivsi3.o)
                              obj/sram_stdio.o (__aeabi_uidiv)
/usr/local/codesourcery/arm-none-eabi/arm-2008q1/bin/../lib/gcc/arm-none-eabi/4.2.3/libgcc.a(_dvmd_tls.o)
                              /usr/local/codesourcery/arm-none-eabi/arm-2008q1/bin/../lib/gcc/arm-none-eabi/4.2.3/libgcc.a(_udivsi3.o) (__aeabi_idiv0)

Discarded input sections

 .data          0x00000000        0x0 obj/sram_isp_cstartup.o
 .bss           0x00000000        0x0 obj/sram_isp_cstartup.o
 .text          0x00000000        0x0 obj/sram_main.o
 .data          0x00000000        0x0 obj/sram_main.o
 .text          0x00000000        0x0 obj/sram_async.o
 .data          0x00000000        0x0 obj/sram_async.o
 .bss           0x00000000        0x0 obj/sram_async.o
 .text.ASYNC_IsFinished
                0x00000000        0x0 obj/sram_async.o
 .text          0x00000000        0x0 obj/sram_twid.o
 .data          0x00000000        0x0 obj/sram_twid.o
 .bss           0x00000000        0x0 obj/sram_twid.o
 .text.TWID_Handler
                0x00000000        0x0 obj/sram_twid.o
 .text          0x00000000        0x0 obj/sram_stdio.o
 .bss           0x00000000        0x0 obj/sram_stdio.o
 .text.puts     0x00000000        0x0 obj/sram_stdio.o
 .text.sprintf  0x00000000        0x0 obj/sram_stdio.o
 .text.fprintf  0x00000000        0x0 obj/sram_stdio.o
 .text.snprintf
                0x00000000        0x0 obj/sram_stdio.o
 .text          0x00000000        0x0 obj/sram_math.o
 .data          0x00000000        0x0 obj/sram_math.o
 .bss           0x00000000        0x0 obj/sram_math.o
 .text.absv     0x00000000        0x0 obj/sram_math.o
 .text          0x00000000        0x0 obj/sram_string.o
 .data          0x00000000        0x0 obj/sram_string.o
 .bss           0x00000000        0x0 obj/sram_string.o
 .text.memset   0x00000000        0x0 obj/sram_string.o
 .text.strchr   0x00000000        0x0 obj/sram_string.o
 .text.strlen   0x00000000        0x0 obj/sram_string.o
 .text.strrchr  0x00000000        0x0 obj/sram_string.o
 .text.strcpy   0x00000000        0x0 obj/sram_string.o
 .text.strncmp  0x00000000        0x0 obj/sram_string.o
 .text.strncpy  0x00000000        0x0 obj/sram_string.o
 .text          0x00000000        0x0 obj/sram_trace.o
 .bss           0x00000000        0x0 obj/sram_trace.o
 .text.putchar  0x00000000        0x0 obj/sram_trace.o
 .text.TRACE_GetHexa32
                0x00000000        0x0 obj/sram_trace.o
 .text.TRACE_GetInteger
                0x00000000        0x0 obj/sram_trace.o
 .text.TRACE_GetIntegerMinMax
                0x00000000        0x0 obj/sram_trace.o
 .text.TRACE_DumpFrame
                0x00000000        0x0 obj/sram_trace.o
 .text.PrintChar
                0x00000000        0x0 obj/sram_trace.o
 .text.TRACE_DumpMemory
                0x00000000        0x0 obj/sram_trace.o
 .rodata.str1.1
                0x00000000        0x0 obj/sram_trace.o
 .text          0x00000000        0x0 obj/sram_dbgu.o
 .data          0x00000000        0x0 obj/sram_dbgu.o
 .bss           0x00000000        0x0 obj/sram_dbgu.o
 .text.DBGU_IsRxReady
                0x00000000        0x0 obj/sram_dbgu.o
 .text.DBGU_GetChar
                0x00000000        0x0 obj/sram_dbgu.o
 .text          0x00000000        0x0 obj/sram_pio.o
 .data          0x00000000        0x0 obj/sram_pio.o
 .bss           0x00000000        0x0 obj/sram_pio.o
 .text.PIO_Set  0x00000000        0x0 obj/sram_pio.o
 .text.PIO_Clear
                0x00000000        0x0 obj/sram_pio.o
 .text.PIO_Get  0x00000000        0x0 obj/sram_pio.o
 .text.PIO_GetOutputDataStatus
                0x00000000        0x0 obj/sram_pio.o
 .text          0x00000000        0x0 obj/sram_aic.o
 .data          0x00000000        0x0 obj/sram_aic.o
 .bss           0x00000000        0x0 obj/sram_aic.o
 .text.IRQ_ConfigureIT
                0x00000000        0x0 obj/sram_aic.o
 .text.IRQ_EnableIT
                0x00000000        0x0 obj/sram_aic.o
 .text.IRQ_DisableIT
                0x00000000        0x0 obj/sram_aic.o
 .text          0x00000000        0x0 obj/sram_twi.o
 .data          0x00000000        0x0 obj/sram_twi.o
 .bss           0x00000000        0x0 obj/sram_twi.o
 .text.TWI_SendSTOPCondition
                0x00000000        0x0 obj/sram_twi.o
 .text.TWI_GetMaskedStatus
                0x00000000        0x0 obj/sram_twi.o
 .text.TWI_GetStatus
                0x00000000        0x0 obj/sram_twi.o
 .text.TWI_DisableIt
                0x00000000        0x0 obj/sram_twi.o
 .text.TWI_ConfigureSlave
                0x00000000        0x0 obj/sram_twi.o
 .text          0x00000000        0x0 obj/sram_cp15.o
 .data          0x00000000        0x0 obj/sram_cp15.o
 .bss           0x00000000        0x0 obj/sram_cp15.o
 .text.CP15_LockDcache
                0x00000000        0x0 obj/sram_cp15.o
 .text.CP15_LockIcache
                0x00000000        0x0 obj/sram_cp15.o
 .text.CP15_IsDcacheEnabled
                0x00000000        0x0 obj/sram_cp15.o
 .text.CP15_IsMMUEnabled
                0x00000000        0x0 obj/sram_cp15.o
 .text.CP15_IsIcacheEnabled
                0x00000000        0x0 obj/sram_cp15.o
 .text.CP15_DisableDcache
                0x00000000        0x0 obj/sram_cp15.o
 .text.CP15_ShutdownDcache
                0x00000000        0x0 obj/sram_cp15.o
 .text.CP15_EnableDcache
                0x00000000        0x0 obj/sram_cp15.o
 .text.CP15_DisableMMU
                0x00000000        0x0 obj/sram_cp15.o
 .text.CP15_EnableMMU
                0x00000000        0x0 obj/sram_cp15.o
 .text.CP15_DisableIcache
                0x00000000        0x0 obj/sram_cp15.o
 .text.CP15_EnableIcache
                0x00000000        0x0 obj/sram_cp15.o
 .rodata.str1.1
                0x00000000        0x0 obj/sram_cp15.o
 .text          0x00000000        0x0 obj/sram_board_memories.o
 .data          0x00000000        0x0 obj/sram_board_memories.o
 .bss           0x00000000        0x0 obj/sram_board_memories.o
 .text.sleep_time
                0x00000000        0x0 obj/sram_board_memories.o
 .text.BOARD_ConfigureVddMemSel
                0x00000000        0x0 obj/sram_board_memories.o
 .text.BOARD_RemapRom
                0x00000000        0x0 obj/sram_board_memories.o
 .text.BOARD_RemapRam
                0x00000000        0x0 obj/sram_board_memories.o
 .text.BOARD_ConfigureNandFlash
                0x00000000        0x0 obj/sram_board_memories.o
 .text.BOARD_ConfigureNandFlash48MHz
                0x00000000        0x0 obj/sram_board_memories.o
 .text.BOARD_ConfigureSdram
                0x00000000        0x0 obj/sram_board_memories.o
 .rodata        0x00000000        0x0 obj/sram_board_memories.o
 .text          0x00000000        0x0 obj/sram_board_lowlevel.o
 .data          0x00000000        0x0 obj/sram_board_lowlevel.o
 .bss           0x00000000        0x0 obj/sram_board_lowlevel.o
 .text.defaultSpuriousHandler
                0x00000000        0x0 obj/sram_board_lowlevel.o
 .text.defaultFiqHandler
                0x00000000        0x0 obj/sram_board_lowlevel.o
 .text.defaultIrqHandler
                0x00000000        0x0 obj/sram_board_lowlevel.o
 .text.BOARD_AT73C224_Read
                0x00000000        0x0 obj/sram_board_lowlevel.o
 .text.BOARD_AT73C224_Write
                0x00000000        0x0 obj/sram_board_lowlevel.o
 .text.LowLevelInit
                0x00000000        0x0 obj/sram_board_lowlevel.o
 .rodata        0x00000000        0x0 obj/sram_board_lowlevel.o
 .rodata.str1.1
                0x00000000        0x0 obj/sram_board_lowlevel.o
 .data          0x00000000        0x0 /usr/local/codesourcery/arm-none-eabi/arm-2008q1/bin/../lib/gcc/arm-none-eabi/4.2.3/libgcc.a(_udivsi3.o)
 .bss           0x00000000        0x0 /usr/local/codesourcery/arm-none-eabi/arm-2008q1/bin/../lib/gcc/arm-none-eabi/4.2.3/libgcc.a(_udivsi3.o)
 .data          0x00000000        0x0 /usr/local/codesourcery/arm-none-eabi/arm-2008q1/bin/../lib/gcc/arm-none-eabi/4.2.3/libgcc.a(_dvmd_tls.o)
 .bss           0x00000000        0x0 /usr/local/codesourcery/arm-none-eabi/arm-2008q1/bin/../lib/gcc/arm-none-eabi/4.2.3/libgcc.a(_dvmd_tls.o)

Memory Configuration

Name             Origin             Length             Attributes
romcodesram      0x00100000         0x00001000         w !xr
sram             0x00101000         0x0000f000         w !xr
sdram            0x20000000         0x04000000         w !xr
*default*        0x00000000         0xffffffff

Linker script and memory map

LOAD obj/sram_isp_cstartup.o
LOAD obj/sram_main.o
LOAD obj/sram_async.o
LOAD obj/sram_twid.o
LOAD obj/sram_stdio.o
LOAD obj/sram_math.o
LOAD obj/sram_string.o
LOAD obj/sram_trace.o
LOAD obj/sram_dbgu.o
LOAD obj/sram_pio.o
LOAD obj/sram_aic.o
LOAD obj/sram_twi.o
LOAD obj/sram_cp15.o
LOAD obj/sram_board_memories.o
LOAD obj/sram_board_lowlevel.o
START GROUP
LOAD /usr/local/codesourcery/arm-none-eabi/arm-2008q1/bin/../lib/gcc/arm-none-eabi/4.2.3/libgcc.a
LOAD /usr/local/codesourcery/arm-none-eabi/arm-2008q1/bin/../lib/gcc/arm-none-eabi/4.2.3/../../../../arm-none-eabi/lib/libc.a
END GROUP

.fixed0         0x00101000     0x1ad4
                0x00101000                . = ALIGN (0x4)
                0x00101000                _sfixed0 = .
 *(.vectors)
 *(.text*)
 .text          0x00101000       0xf0 obj/sram_isp_cstartup.o
                0x00101000                entry
 .text.main     0x001010f0      0x498 obj/sram_main.o
                0x001010f0                main
 .text.TWID_Initialize
                0x00101588       0xb4 obj/sram_twid.o
                0x00101588                TWID_Initialize
 .text.TWID_Write
                0x0010163c      0x2a4 obj/sram_twid.o
                0x0010163c                TWID_Write
 .text.TWID_Read
                0x001018e0      0x2a0 obj/sram_twid.o
                0x001018e0                TWID_Read
 .text.PutChar  0x00101b80        0xc obj/sram_stdio.o
                0x00101b80                PutChar
 .text.PutString
                0x00101b8c       0x24 obj/sram_stdio.o
                0x00101b8c                PutString
 .text.PutUnsignedInt
                0x00101bb0       0xd0 obj/sram_stdio.o
                0x00101bb0                PutUnsignedInt
 .text.PutSignedInt
                0x00101c80      0x12c obj/sram_stdio.o
                0x00101c80                PutSignedInt
 .text.PutHexa  0x00101dac       0xbc obj/sram_stdio.o
                0x00101dac                PutHexa
 .text.vsnprintf
                0x00101e68      0x1e8 obj/sram_stdio.o
                0x00101e68                vsnprintf
 .text.vsprintf
                0x00102050       0x28 obj/sram_stdio.o
                0x00102050                vsprintf
 .text.vfprintf
                0x00102078       0xa4 obj/sram_stdio.o
                0x00102078                vfprintf
 .text.vprintf  0x0010211c       0x38 obj/sram_stdio.o
                0x0010211c                vprintf
 .text.printf   0x00102154       0x34 obj/sram_stdio.o
                0x00102154                printf
 .text.min      0x00102188        0xc obj/sram_math.o
                0x00102188                min
 .text.power    0x00102194       0x20 obj/sram_math.o
                0x00102194                power
 .text.memcpy   0x001021b4       0x88 obj/sram_string.o
                0x001021b4                memcpy
 .text.fputc    0x0010223c       0x50 obj/sram_trace.o
                0x0010223c                fputc
 .text.fputs    0x0010228c       0x50 obj/sram_trace.o
                0x0010228c                fputs
 .text.DBGU_Configure
                0x001022dc       0x58 obj/sram_dbgu.o
                0x001022dc                DBGU_Configure
 .text.DBGU_PutChar
                0x00102334       0x28 obj/sram_dbgu.o
                0x00102334                DBGU_PutChar
 .text.PIO_Configure
                0x0010235c      0x11c obj/sram_pio.o
                0x0010235c                PIO_Configure
 .text.TWI_ByteReceived
                0x00102478       0x10 obj/sram_twi.o
                0x00102478                TWI_ByteReceived
 .text.TWI_ByteSent
                0x00102488       0x10 obj/sram_twi.o
                0x00102488                TWI_ByteSent
 .text.TWI_TransferComplete
                0x00102498        0xc obj/sram_twi.o
                0x00102498                TWI_TransferComplete
 .text.TWI_EnableIt
                0x001024a4       0x8c obj/sram_twi.o
                0x001024a4                TWI_EnableIt
 .text.TWI_WriteByte
                0x00102530       0x50 obj/sram_twi.o
                0x00102530                TWI_WriteByte
 .text.TWI_StartWrite
                0x00102580      0x118 obj/sram_twi.o
                0x00102580                TWI_StartWrite
 .text.TWI_ReadByte
                0x00102698       0x54 obj/sram_twi.o
                0x00102698                TWI_ReadByte
 .text.TWI_StartRead
                0x001026ec      0x104 obj/sram_twi.o
                0x001026ec                TWI_StartRead
 .text.TWI_Stop
                0x001027f0       0x54 obj/sram_twi.o
                0x001027f0                TWI_Stop
 .text.TWI_ConfigureMaster
                0x00102844      0x178 obj/sram_twi.o
                0x00102844                TWI_ConfigureMaster
 .text          0x001029bc      0x114 /usr/local/codesourcery/arm-none-eabi/arm-2008q1/bin/../lib/gcc/arm-none-eabi/4.2.3/libgcc.a(_udivsi3.o)
                0x001029bc                __udivsi3
                0x001029bc                __aeabi_uidiv
                0x00102ab0                __aeabi_uidivmod
 .text          0x00102ad0        0x4 /usr/local/codesourcery/arm-none-eabi/arm-2008q1/bin/../lib/gcc/arm-none-eabi/4.2.3/libgcc.a(_dvmd_tls.o)
                0x00102ad0                __aeabi_ldiv0
                0x00102ad0                __aeabi_idiv0
 *(.glue_7)
 .glue_7        0x00102ad4        0x0 obj/sram_isp_cstartup.o
 .glue_7        0x00102ad4        0x0 obj/sram_main.o
 .glue_7        0x00102ad4        0x0 obj/sram_async.o
 .glue_7        0x00102ad4        0x0 obj/sram_twid.o
 .glue_7        0x00102ad4        0x0 obj/sram_stdio.o
 .glue_7        0x00102ad4        0x0 obj/sram_math.o
 .glue_7        0x00102ad4        0x0 obj/sram_string.o
 .glue_7        0x00102ad4        0x0 obj/sram_trace.o
 .glue_7        0x00102ad4        0x0 obj/sram_dbgu.o
 .glue_7        0x00102ad4        0x0 obj/sram_pio.o
 .glue_7        0x00102ad4        0x0 obj/sram_aic.o
 .glue_7        0x00102ad4        0x0 obj/sram_twi.o
 .glue_7        0x00102ad4        0x0 obj/sram_cp15.o
 .glue_7        0x00102ad4        0x0 obj/sram_board_memories.o
 .glue_7        0x00102ad4        0x0 obj/sram_board_lowlevel.o
 .glue_7        0x00102ad4        0x0 /usr/local/codesourcery/arm-none-eabi/arm-2008q1/bin/../lib/gcc/arm-none-eabi/4.2.3/libgcc.a(_udivsi3.o)
 .glue_7        0x00102ad4        0x0 /usr/local/codesourcery/arm-none-eabi/arm-2008q1/bin/../lib/gcc/arm-none-eabi/4.2.3/libgcc.a(_dvmd_tls.o)
 *(.glue_7t)
 .glue_7t       0x00102ad4        0x0 obj/sram_isp_cstartup.o
 .glue_7t       0x00102ad4        0x0 obj/sram_main.o
 .glue_7t       0x00102ad4        0x0 obj/sram_async.o
 .glue_7t       0x00102ad4        0x0 obj/sram_twid.o
 .glue_7t       0x00102ad4        0x0 obj/sram_stdio.o
 .glue_7t       0x00102ad4        0x0 obj/sram_math.o
 .glue_7t       0x00102ad4        0x0 obj/sram_string.o
 .glue_7t       0x00102ad4        0x0 obj/sram_trace.o
 .glue_7t       0x00102ad4        0x0 obj/sram_dbgu.o
 .glue_7t       0x00102ad4        0x0 obj/sram_pio.o
 .glue_7t       0x00102ad4        0x0 obj/sram_aic.o
 .glue_7t       0x00102ad4        0x0 obj/sram_twi.o
 .glue_7t       0x00102ad4        0x0 obj/sram_cp15.o
 .glue_7t       0x00102ad4        0x0 obj/sram_board_memories.o
 .glue_7t       0x00102ad4        0x0 obj/sram_board_lowlevel.o
 .glue_7t       0x00102ad4        0x0 /usr/local/codesourcery/arm-none-eabi/arm-2008q1/bin/../lib/gcc/arm-none-eabi/4.2.3/libgcc.a(_udivsi3.o)
 .glue_7t       0x00102ad4        0x0 /usr/local/codesourcery/arm-none-eabi/arm-2008q1/bin/../lib/gcc/arm-none-eabi/4.2.3/libgcc.a(_dvmd_tls.o)
                0x00102ad4                . = ALIGN (0x4)
                0x00102ad4                _efixed0 = .
                0x00102ad4                _efixed = .

.vfp11_veneer   0x00000000        0x0
 .vfp11_veneer  0x00000000        0x0 obj/sram_isp_cstartup.o
 .vfp11_veneer  0x00000000        0x0 obj/sram_main.o
 .vfp11_veneer  0x00000000        0x0 obj/sram_async.o
 .vfp11_veneer  0x00000000        0x0 obj/sram_twid.o
 .vfp11_veneer  0x00000000        0x0 obj/sram_stdio.o
 .vfp11_veneer  0x00000000        0x0 obj/sram_math.o
 .vfp11_veneer  0x00000000        0x0 obj/sram_string.o
 .vfp11_veneer  0x00000000        0x0 obj/sram_trace.o
 .vfp11_veneer  0x00000000        0x0 obj/sram_dbgu.o
 .vfp11_veneer  0x00000000        0x0 obj/sram_pio.o
 .vfp11_veneer  0x00000000        0x0 obj/sram_aic.o
 .vfp11_veneer  0x00000000        0x0 obj/sram_twi.o
 .vfp11_veneer  0x00000000        0x0 obj/sram_cp15.o
 .vfp11_veneer  0x00000000        0x0 obj/sram_board_memories.o
 .vfp11_veneer  0x00000000        0x0 obj/sram_board_lowlevel.o
 .vfp11_veneer  0x00000000        0x0 /usr/local/codesourcery/arm-none-eabi/arm-2008q1/bin/../lib/gcc/arm-none-eabi/4.2.3/libgcc.a(_udivsi3.o)
 .vfp11_veneer  0x00000000        0x0 /usr/local/codesourcery/arm-none-eabi/arm-2008q1/bin/../lib/gcc/arm-none-eabi/4.2.3/libgcc.a(_dvmd_tls.o)

.v4_bx          0x00000000        0x0
 .v4_bx         0x00000000        0x0 obj/sram_isp_cstartup.o
 .v4_bx         0x00000000        0x0 obj/sram_main.o
 .v4_bx         0x00000000        0x0 obj/sram_async.o
 .v4_bx         0x00000000        0x0 obj/sram_twid.o
 .v4_bx         0x00000000        0x0 obj/sram_stdio.o
 .v4_bx         0x00000000        0x0 obj/sram_math.o
 .v4_bx         0x00000000        0x0 obj/sram_string.o
 .v4_bx         0x00000000        0x0 obj/sram_trace.o
 .v4_bx         0x00000000        0x0 obj/sram_dbgu.o
 .v4_bx         0x00000000        0x0 obj/sram_pio.o
 .v4_bx         0x00000000        0x0 obj/sram_aic.o
 .v4_bx         0x00000000        0x0 obj/sram_twi.o
 .v4_bx         0x00000000        0x0 obj/sram_cp15.o
 .v4_bx         0x00000000        0x0 obj/sram_board_memories.o
 .v4_bx         0x00000000        0x0 obj/sram_board_lowlevel.o
 .v4_bx         0x00000000        0x0 /usr/local/codesourcery/arm-none-eabi/arm-2008q1/bin/../lib/gcc/arm-none-eabi/4.2.3/libgcc.a(_udivsi3.o)
 .v4_bx         0x00000000        0x0 /usr/local/codesourcery/arm-none-eabi/arm-2008q1/bin/../lib/gcc/arm-none-eabi/4.2.3/libgcc.a(_dvmd_tls.o)

.fixed1         0x00102ad8      0x894
                0x00102ad8                . = ALIGN (0x4)
                0x00102ad8                _sfixed1 = .
 *(.rodata*)
 .rodata        0x00102ad8       0x9c obj/sram_main.o
 .rodata.str1.1
                0x00102b74      0x1f9 obj/sram_main.o
 .rodata.str1.1
                0x00102d6d      0x11c obj/sram_twid.o
 .rodata.str1.1
                0x00102e89       0x24 obj/sram_stdio.o
 .rodata.str1.1
                0x00102ead       0xac obj/sram_twi.o
                                 0xd8 (size before relaxing)
 *(.data)
 *fill*         0x00102f59        0x7 00
 .data          0x00102f60      0x408 obj/sram_stdio.o
                0x00102f68                r
                0x00102f60                _impure_ptr
 .data          0x00103368        0x4 obj/sram_trace.o
                0x00103368                traceLevel
                0x0010336c                . = ALIGN (0x4)
                0x0010336c                _efixed1 = .

.prerelocate    0x00000000        0x0 load address 0x00102ad4
                0x00000000                . = ALIGN (0x4)
                0x00000000                _sprerelocate = .
                0x00000000                . = ALIGN (0x4)
                0x00000000                _eprerelocate = .

.postrelocate   0x00000000        0x0 load address 0x00102ad4
                0x00000000                . = ALIGN (0x4)
                0x00000000                _spostrelocate = .
                0x00000000                . = ALIGN (0x4)
                0x00000000                _epostrelocate = .

.bss            0x0010336c       0x10
                0x0010336c                _szero = .
 *(.bss)
 .bss           0x0010336c       0x10 obj/sram_main.o
                0x0010337c                . = ALIGN (0x4)
                0x0010337c                _ezero = .
                0x00110000                _sstack = 0x110000
                0x0010337c                end = .
OUTPUT(bin/isp-eeprom-at91cap9.elf elf32-littlearm)

.ARM.attributes
                0x00000000       0x22
 .ARM.attributes
                0x00000000       0x14 obj/sram_isp_cstartup.o
 .ARM.attributes
                0x00000014       0x2e obj/sram_main.o
 .ARM.attributes
                0x00000042       0x2e obj/sram_async.o
 .ARM.attributes
                0x00000070       0x2e obj/sram_twid.o
 .ARM.attributes
                0x0000009e       0x2e obj/sram_stdio.o
 .ARM.attributes
                0x000000cc       0x2e obj/sram_math.o
 .ARM.attributes
                0x000000fa       0x2e obj/sram_string.o
 .ARM.attributes
                0x00000128       0x2e obj/sram_trace.o
 .ARM.attributes
                0x00000156       0x2e obj/sram_dbgu.o
 .ARM.attributes
                0x00000184       0x2e obj/sram_pio.o
 .ARM.attributes
                0x000001b2       0x2e obj/sram_aic.o
 .ARM.attributes
                0x000001e0       0x2e obj/sram_twi.o
 .ARM.attributes
                0x0000020e       0x2e obj/sram_cp15.o
 .ARM.attributes
                0x0000023c       0x2e obj/sram_board_memories.o
 .ARM.attributes
                0x0000026a       0x2e obj/sram_board_lowlevel.o
 .ARM.attributes
                0x00000298       0x14 /usr/local/codesourcery/arm-none-eabi/arm-2008q1/bin/../lib/gcc/arm-none-eabi/4.2.3/libgcc.a(_udivsi3.o)
 .ARM.attributes
                0x000002ac       0x14 /usr/local/codesourcery/arm-none-eabi/arm-2008q1/bin/../lib/gcc/arm-none-eabi/4.2.3/libgcc.a(_dvmd_tls.o)

.debug_line     0x00000000     0x157c
 .debug_line    0x00000000       0x61 obj/sram_isp_cstartup.o
 .debug_line    0x00000061      0x167 obj/sram_main.o
 .debug_line    0x000001c8       0x61 obj/sram_async.o
 .debug_line    0x00000229      0x196 obj/sram_twid.o
 .debug_line    0x000003bf      0x35a obj/sram_stdio.o
 .debug_line    0x00000719       0x77 obj/sram_math.o
 .debug_line    0x00000790      0x179 obj/sram_string.o
 .debug_line    0x00000909      0x2d4 obj/sram_trace.o
 .debug_line    0x00000bdd       0xd7 obj/sram_dbgu.o
 .debug_line    0x00000cb4      0x137 obj/sram_pio.o
 .debug_line    0x00000deb       0xbd obj/sram_aic.o
 .debug_line    0x00000ea8      0x221 obj/sram_twi.o
 .debug_line    0x000010c9      0x166 obj/sram_cp15.o
 .debug_line    0x0000122f      0x1a3 obj/sram_board_memories.o
 .debug_line    0x000013d2      0x1aa obj/sram_board_lowlevel.o

.debug_info     0x00000000     0x5736
 .debug_info    0x00000000       0x92 obj/sram_isp_cstartup.o
 .debug_info    0x00000092      0xa78 obj/sram_main.o
 .debug_info    0x00000b0a       0xbd obj/sram_async.o
 .debug_info    0x00000bc7      0x58c obj/sram_twid.o
 .debug_info    0x00001153      0xe6f obj/sram_stdio.o
 .debug_info    0x00001fc2      0x10e obj/sram_math.o
 .debug_info    0x000020d0      0x338 obj/sram_string.o
 .debug_info    0x00002408      0xbca obj/sram_trace.o
 .debug_info    0x00002fd2      0x27b obj/sram_dbgu.o
 .debug_info    0x0000324d      0x6eb obj/sram_pio.o
 .debug_info    0x00003938      0x254 obj/sram_aic.o
 .debug_info    0x00003b8c      0x60e obj/sram_twi.o
 .debug_info    0x0000419a      0x273 obj/sram_cp15.o
 .debug_info    0x0000440d      0x8cd obj/sram_board_memories.o
 .debug_info    0x00004cda      0xa5c obj/sram_board_lowlevel.o

.debug_abbrev   0x00000000     0x1381
 .debug_abbrev  0x00000000       0x14 obj/sram_isp_cstartup.o
 .debug_abbrev  0x00000014      0x194 obj/sram_main.o
 .debug_abbrev  0x000001a8       0xa2 obj/sram_async.o
 .debug_abbrev  0x0000024a      0x1ac obj/sram_twid.o
 .debug_abbrev  0x000003f6      0x296 obj/sram_stdio.o
 .debug_abbrev  0x0000068c       0xb6 obj/sram_math.o
 .debug_abbrev  0x00000742      0x119 obj/sram_string.o
 .debug_abbrev  0x0000085b      0x245 obj/sram_trace.o
 .debug_abbrev  0x00000aa0       0xcf obj/sram_dbgu.o
 .debug_abbrev  0x00000b6f      0x1b8 obj/sram_pio.o
 .debug_abbrev  0x00000d27       0xce obj/sram_aic.o
 .debug_abbrev  0x00000df5      0x16f obj/sram_twi.o
 .debug_abbrev  0x00000f64       0xe5 obj/sram_cp15.o
 .debug_abbrev  0x00001049      0x169 obj/sram_board_memories.o
 .debug_abbrev  0x000011b2      0x1cf obj/sram_board_lowlevel.o

.debug_aranges  0x00000000      0x450
 .debug_aranges
                0x00000000       0x20 obj/sram_isp_cstartup.o
 .debug_aranges
                0x00000020       0x20 obj/sram_main.o
 .debug_aranges
                0x00000040       0x20 obj/sram_async.o
 .debug_aranges
                0x00000060       0x38 obj/sram_twid.o
 .debug_aranges
                0x00000098       0x88 obj/sram_stdio.o
 .debug_aranges
                0x00000120       0x30 obj/sram_math.o
 .debug_aranges
                0x00000150       0x58 obj/sram_string.o
 .debug_aranges
                0x000001a8       0x60 obj/sram_trace.o
 .debug_aranges
                0x00000208       0x38 obj/sram_dbgu.o
 .debug_aranges
                0x00000240       0x40 obj/sram_pio.o
 .debug_aranges
                0x00000280       0x30 obj/sram_aic.o
 .debug_aranges
                0x000002b0       0x90 obj/sram_twi.o
 .debug_aranges
                0x00000340       0x78 obj/sram_cp15.o
 .debug_aranges
                0x000003b8       0x50 obj/sram_board_memories.o
 .debug_aranges
                0x00000408       0x48 obj/sram_board_lowlevel.o

.debug_frame    0x00000000      0x984
 .debug_frame   0x00000000       0x38 obj/sram_main.o
 .debug_frame   0x00000038       0x20 obj/sram_async.o
 .debug_frame   0x00000058       0x9c obj/sram_twid.o
 .debug_frame   0x000000f4      0x1ac obj/sram_stdio.o
 .debug_frame   0x000002a0       0x40 obj/sram_math.o
 .debug_frame   0x000002e0       0xa0 obj/sram_string.o
 .debug_frame   0x00000380      0x11c obj/sram_trace.o
 .debug_frame   0x0000049c       0x5c obj/sram_dbgu.o
 .debug_frame   0x000004f8       0x68 obj/sram_pio.o
 .debug_frame   0x00000560       0x48 obj/sram_aic.o
 .debug_frame   0x000005a8      0x16c obj/sram_twi.o
 .debug_frame   0x00000714      0x134 obj/sram_cp15.o
 .debug_frame   0x00000848       0x94 obj/sram_board_memories.o
 .debug_frame   0x000008dc       0x88 obj/sram_board_lowlevel.o
 .debug_frame   0x00000964       0x20 /usr/local/codesourcery/arm-none-eabi/arm-2008q1/bin/../lib/gcc/arm-none-eabi/4.2.3/libgcc.a(_udivsi3.o)

.debug_loc      0x00000000     0x230a
 .debug_loc     0x00000000      0x13f obj/sram_main.o
 .debug_loc     0x0000013f       0x13 obj/sram_async.o
 .debug_loc     0x00000152      0x617 obj/sram_twid.o
 .debug_loc     0x00000769      0x91b obj/sram_stdio.o
 .debug_loc     0x00001084       0x44 obj/sram_math.o
 .debug_loc     0x000010c8      0x1a3 obj/sram_string.o
 .debug_loc     0x0000126b      0x3a3 obj/sram_trace.o
 .debug_loc     0x0000160e       0x63 obj/sram_dbgu.o
 .debug_loc     0x00001671      0x20e obj/sram_pio.o
 .debug_loc     0x0000187f       0x32 obj/sram_aic.o
 .debug_loc     0x000018b1      0x667 obj/sram_twi.o
 .debug_loc     0x00001f18      0x27d obj/sram_cp15.o
 .debug_loc     0x00002195       0x45 obj/sram_board_memories.o
 .debug_loc     0x000021da      0x130 obj/sram_board_lowlevel.o

.debug_pubnames
                0x00000000      0x743
 .debug_pubnames
                0x00000000       0x1b obj/sram_main.o
 .debug_pubnames
                0x0000001b       0x27 obj/sram_async.o
 .debug_pubnames
                0x00000042       0x54 obj/sram_twid.o
 .debug_pubnames
                0x00000096       0xdf obj/sram_stdio.o
 .debug_pubnames
                0x00000175       0x2d obj/sram_math.o
 .debug_pubnames
                0x000001a2       0x6d obj/sram_string.o
 .debug_pubnames
                0x0000020f       0xae obj/sram_trace.o
 .debug_pubnames
                0x000002bd       0x5a obj/sram_dbgu.o
 .debug_pubnames
                0x00000317       0x66 obj/sram_pio.o
 .debug_pubnames
                0x0000037d       0x49 obj/sram_aic.o
 .debug_pubnames
                0x000003c6      0x13c obj/sram_twi.o
 .debug_pubnames
                0x00000502      0x11b obj/sram_cp15.o
 .debug_pubnames
                0x0000061d       0xbc obj/sram_board_memories.o
 .debug_pubnames
                0x000006d9       0x6a obj/sram_board_lowlevel.o

.debug_ranges   0x00000000       0x60
 .debug_ranges  0x00000000       0x18 obj/sram_main.o
 .debug_ranges  0x00000018       0x48 obj/sram_board_lowlevel.o

.debug_str      0x00000000     0x16c4
 .debug_str     0x00000000      0x520 obj/sram_main.o
                                0x586 (size before relaxing)
 .debug_str     0x00000520       0x3c obj/sram_async.o
                                 0xd9 (size before relaxing)
 .debug_str     0x0000055c       0x98 obj/sram_twid.o
                                0x2f1 (size before relaxing)
 .debug_str     0x000005f4      0x47a obj/sram_stdio.o
                                0x5b1 (size before relaxing)
 .debug_str     0x00000a6e       0x28 obj/sram_math.o
                                0x11a (size before relaxing)
 .debug_str     0x00000a96       0xda obj/sram_string.o
                                0x1f1 (size before relaxing)
 .debug_str     0x00000b70       0xb4 obj/sram_trace.o
                                0x579 (size before relaxing)
 .debug_str     0x00000c24      0x146 obj/sram_dbgu.o
                                0x1d1 (size before relaxing)
 .debug_str     0x00000d6a       0xdd obj/sram_pio.o
                                0x35f (size before relaxing)
 .debug_str     0x00000e47      0x103 obj/sram_aic.o
                                0x185 (size before relaxing)
 .debug_str     0x00000f4a      0x13d obj/sram_twi.o
                                0x361 (size before relaxing)
 .debug_str     0x00001087      0x114 obj/sram_cp15.o
                                0x204 (size before relaxing)
 .debug_str     0x0000119b      0x3a4 obj/sram_board_memories.o
                                0x5b5 (size before relaxing)
 .debug_str     0x0000153f      0x185 obj/sram_board_lowlevel.o
                                0x624 (size before relaxing)

.comment        0x00000000      0x25a
 .comment       0x00000000       0x2b obj/sram_main.o
 .comment       0x0000002b       0x2b obj/sram_async.o
 .comment       0x00000056       0x2b obj/sram_twid.o
 .comment       0x00000081       0x2b obj/sram_stdio.o
 .comment       0x000000ac       0x2b obj/sram_math.o
 .comment       0x000000d7       0x2b obj/sram_string.o
 .comment       0x00000102       0x2b obj/sram_trace.o
 .comment       0x0000012d       0x2b obj/sram_dbgu.o
 .comment       0x00000158       0x2b obj/sram_pio.o
 .comment       0x00000183       0x2b obj/sram_aic.o
 .comment       0x000001ae       0x2b obj/sram_twi.o
 .comment       0x000001d9       0x2b obj/sram_cp15.o
 .comment       0x00000204       0x2b obj/sram_board_memories.o
 .comment       0x0000022f       0x2b obj/sram_board_lowlevel.o
